Component: ARM Compiler 5.06 (build 20) Tool: armlink [4d35a3]

==============================================================================

Section Cross References

    main.o(i.main) refers to controltask.o(i.ControtLoopTaskInit) for ControtLoopTaskInit
    main.o(i.main) refers to remotetask.o(i.RemoteTaskInit) for RemoteTaskInit
    main.o(i.main) refers to delay.o(i.delay_ms) for delay_ms
    main.o(i.main) refers to bsp.o(i.BSP_Init) for BSP_Init
    main.o(i.main) refers to timer.o(i.Get_Time_Micros) for Get_Time_Micros
    main.o(i.main) refers to imu.o(i.IMU_getYawPitchRoll) for IMU_getYawPitchRoll
    main.o(i.main) refers to iotask.o(i.UploadParameter) for UploadParameter
    main.o(i.main) refers to main.o(.data) for system_micrsecond
    main.o(i.main) refers to imu.o(.bss) for angle
    bsp.o(i.BSP_Init) refers to misc.o(i.NVIC_PriorityGroupConfig) for NVIC_PriorityGroupConfig
    bsp.o(i.BSP_Init) refers to gun.o(i.PWM_Configuration) for PWM_Configuration
    bsp.o(i.BSP_Init) refers to led.o(i.Led_Configuration) for Led_Configuration
    bsp.o(i.BSP_Init) refers to timer.o(i.TIM2_Configuration) for TIM2_Configuration
    bsp.o(i.BSP_Init) refers to mpu6050_driver.o(i.MPU6050_Initialize) for MPU6050_Initialize
    bsp.o(i.BSP_Init) refers to timer.o(i.TIM6_Configuration) for TIM6_Configuration
    bsp.o(i.BSP_Init) refers to encoder.o(i.Quad_Encoder_Configuration) for Quad_Encoder_Configuration
    bsp.o(i.BSP_Init) refers to can1.o(i.CAN1_Configuration) for CAN1_Configuration
    bsp.o(i.BSP_Init) refers to can2.o(i.CAN2_Configuration) for CAN2_Configuration
    bsp.o(i.BSP_Init) refers to usart1.o(i.USART1_Configuration) for USART1_Configuration
    bsp.o(i.BSP_Init) refers to usart3.o(i.USART3_Configuration) for USART3_Configuration
    bsp.o(i.BSP_Init) refers to timer.o(i.TIM6_Start) for TIM6_Start
    bsp.o(i.BSP_Init) refers to mpu6050_interrupt.o(i.MPU6050_IntConfiguration) for MPU6050_IntConfiguration
    bsp.o(i.BSP_Init) refers to mpu6050_driver.o(i.MPU6050_EnableInt) for MPU6050_EnableInt
    bsp.o(i.BSP_Init) refers to encoder.o(i.Encoder_Start) for Encoder_Start
    led.o(i.Led_Configuration) refers to stm32f4xx_rcc.o(i.RCC_AHB1PeriphClockCmd) for RCC_AHB1PeriphClockCmd
    led.o(i.Led_Configuration) refers to stm32f4xx_gpio.o(i.GPIO_Init) for GPIO_Init
    led.o(i.Led_Configuration) refers to stm32f4xx_gpio.o(i.GPIO_SetBits) for GPIO_SetBits
    gun.o(i.PWM_Configuration) refers to stm32f4xx_rcc.o(i.RCC_AHB1PeriphClockCmd) for RCC_AHB1PeriphClockCmd
    gun.o(i.PWM_Configuration) refers to stm32f4xx_rcc.o(i.RCC_APB1PeriphClockCmd) for RCC_APB1PeriphClockCmd
    gun.o(i.PWM_Configuration) refers to stm32f4xx_rcc.o(i.RCC_APB2PeriphClockCmd) for RCC_APB2PeriphClockCmd
    gun.o(i.PWM_Configuration) refers to stm32f4xx_gpio.o(i.GPIO_Init) for GPIO_Init
    gun.o(i.PWM_Configuration) refers to stm32f4xx_gpio.o(i.GPIO_PinAFConfig) for GPIO_PinAFConfig
    gun.o(i.PWM_Configuration) refers to stm32f4xx_tim.o(i.TIM_TimeBaseInit) for TIM_TimeBaseInit
    gun.o(i.PWM_Configuration) refers to stm32f4xx_tim.o(i.TIM_OC1Init) for TIM_OC1Init
    gun.o(i.PWM_Configuration) refers to stm32f4xx_tim.o(i.TIM_OC2Init) for TIM_OC2Init
    gun.o(i.PWM_Configuration) refers to stm32f4xx_tim.o(i.TIM_OC1PreloadConfig) for TIM_OC1PreloadConfig
    gun.o(i.PWM_Configuration) refers to stm32f4xx_tim.o(i.TIM_OC2PreloadConfig) for TIM_OC2PreloadConfig
    gun.o(i.PWM_Configuration) refers to stm32f4xx_tim.o(i.TIM_ARRPreloadConfig) for TIM_ARRPreloadConfig
    gun.o(i.PWM_Configuration) refers to stm32f4xx_tim.o(i.TIM_Cmd) for TIM_Cmd
    can1.o(i.CAN1_Configuration) refers to stm32f4xx_rcc.o(i.RCC_AHB1PeriphClockCmd) for RCC_AHB1PeriphClockCmd
    can1.o(i.CAN1_Configuration) refers to stm32f4xx_rcc.o(i.RCC_APB1PeriphClockCmd) for RCC_APB1PeriphClockCmd
    can1.o(i.CAN1_Configuration) refers to stm32f4xx_gpio.o(i.GPIO_PinAFConfig) for GPIO_PinAFConfig
    can1.o(i.CAN1_Configuration) refers to stm32f4xx_gpio.o(i.GPIO_Init) for GPIO_Init
    can1.o(i.CAN1_Configuration) refers to misc.o(i.NVIC_Init) for NVIC_Init
    can1.o(i.CAN1_Configuration) refers to stm32f4xx_can.o(i.CAN_DeInit) for CAN_DeInit
    can1.o(i.CAN1_Configuration) refers to stm32f4xx_can.o(i.CAN_StructInit) for CAN_StructInit
    can1.o(i.CAN1_Configuration) refers to stm32f4xx_can.o(i.CAN_Init) for CAN_Init
    can1.o(i.CAN1_Configuration) refers to stm32f4xx_can.o(i.CAN_FilterInit) for CAN_FilterInit
    can1.o(i.CAN1_Configuration) refers to stm32f4xx_can.o(i.CAN_ITConfig) for CAN_ITConfig
    can1.o(i.CAN1_RX0_IRQHandler) refers to stm32f4xx_can.o(i.CAN_GetITStatus) for CAN_GetITStatus
    can1.o(i.CAN1_RX0_IRQHandler) refers to stm32f4xx_can.o(i.CAN_ClearITPendingBit) for CAN_ClearITPendingBit
    can1.o(i.CAN1_RX0_IRQHandler) refers to stm32f4xx_can.o(i.CAN_ClearFlag) for CAN_ClearFlag
    can1.o(i.CAN1_RX0_IRQHandler) refers to stm32f4xx_can.o(i.CAN_Receive) for CAN_Receive
[...]
    loopTime                                 0x20000100   Data           4  iotask.o(.data)
    pitchSum                                 0x20000104   Data           4  iotask.o(.data)
    yawSum                                   0x20000108   Data           4  iotask.o(.data)
    loopCount                                0x2000010c   Data           2  iotask.o(.data)
    loopTime                                 0x2000010e   Data           2  iotask.o(.data)
    gyroXSum                                 0x20000110   Data           4  iotask.o(.data)
    gyroYSum                                 0x20000114   Data           4  iotask.o(.data)
    gyroZSum                                 0x20000118   Data           4  iotask.o(.data)
    ax                                       0x2000011c   Data           2  iotask.o(.data)
    ay                                       0x2000011e   Data           2  iotask.o(.data)
    az                                       0x20000120   Data           2  iotask.o(.data)
    gx                                       0x20000122   Data           2  iotask.o(.data)
    gy                                       0x20000124   Data           2  iotask.o(.data)
    gz                                       0x20000126   Data           2  iotask.o(.data)
    hx                                       0x20000128   Data           2  iotask.o(.data)
    hy                                       0x2000012a   Data           2  iotask.o(.data)
    hz                                       0x2000012c   Data           2  iotask.o(.data)
    .data                                    0x20000130   Section      976  controltask.o(.data)
    time_tick_1ms                            0x200004f0   Data           4  controltask.o(.data)
    normalFlag                               0x200004f4   Data           1  controltask.o(.data)
    standbyFlag                              0x200004f5   Data           1  controltask.o(.data)
    modeChangeDelayCnt                       0x200004f8   Data           4  controltask.o(.data)
    angleSave                                0x200004fc   Data           4  controltask.o(.data)
    .data                                    0x20000500   Section      128  remotetask.o(.data)
    shootState                               0x20000507   Data           1  remotetask.o(.data)
    inputmode                                0x20000508   Data           1  remotetask.o(.data)
    switch_cnt                               0x20000578   Data           4  remotetask.o(.data)
    forward_back_speed                       0x2000057c   Data           2  remotetask.o(.data)
    left_right_speed                         0x2000057e   Data           2  remotetask.o(.data)
    .data                                    0x20000580   Section        8  canbustask.o(.data)
    can_count                                0x20000580   Data           4  canbustask.o(.data)
    .data                                    0x20000588   Section       60  supervisetask.o(.data)
    timeSpanCount                            0x200005b8   Data           4  supervisetask.o(.data)
    tempCount                                0x200005bc   Data           4  supervisetask.o(.data)
    sec                                      0x200005c0   Data           4  supervisetask.o(.data)
    .data                                    0x200005c4   Section        5  protocal_parser.o(.data)
    state                                    0x200005c4   Data           1  protocal_parser.o(.data)
    index                                    0x200005c5   Data           1  protocal_parser.o(.data)
    PayLoadLen                               0x200005c6   Data           1  protocal_parser.o(.data)
    cnt                                      0x200005c7   Data           1  protocal_parser.o(.data)
    state                                    0x200005c8   Data           1  protocal_parser.o(.data)
    .data                                    0x200005ca   Section        2  mf_crc16.o(.data)
    .data                                    0x200005cc   Section        4  stdout.o(.data)
    .data                                    0x200005d0   Section        4  mvars.o(.data)
    .data                                    0x200005d4   Section        4  mvars.o(.data)
    .data                                    0x200005d8   Section        4  errno.o(.data)
    _errno                                   0x200005d8   Data           4  errno.o(.data)
    .bss                                     0x200005dc   Section      300  usart1.o(.bss)
    _USART1_DMA_RX_BUF                       0x200005dc   Data          60  usart1.o(.bss)
    _USART1_RX_BUF                           0x20000618   Data         210  usart1.o(.bss)
    _USART1_RX_FIFO                          0x200006ec   Data          28  usart1.o(.bss)
    .bss                                     0x20000708   Section      256  usart3.o(.bss)
    rx_buffer                                0x20000708   Data         256  usart3.o(.bss)
    .bss                                     0x20000808   Section       64  imu.o(.bss)
    q                                        0x2000082c   Data          16  imu.o(.bss)
    .bss                                     0x20000848   Section      302  mpu6050_driver.o(.bss)
    .bss                                     0x20000976   Section      144  iotask.o(.bss)
    MagCaliData                              0x200009cd   Data          19  iotask.o(.bss)
    .bss                                     0x20000a08   Section       71  remotetask.o(.bss)
    switch1                                  0x20000a38   Data          23  remotetask.o(.bss)
    .bss                                     0x20000a50   Section      408  canbustask.o(.bss)
    .bss                                     0x20000be8   Section      266  protocal_parser.o(.bss)
    buffer                                   0x20000be8   Data          10  protocal_parser.o(.bss)
    __RecvFrameBuffer                        0x20000bf2   Data         256  protocal_parser.o(.bss)
    HEAP                                     0x20000cf8   Section      512  startup_stm32f4xx.o(HEAP)
    STACK                                    0x20000ef8   Section     2560  startup_stm32f4xx.o(STACK)

    Global Symbols

    Symbol Name                              Value     Ov Type        Size  Object(Section)

    BuildAttributes$$THM_ISAv4$E$P$D$K$B$S$7EM$VFPi3$EXTD16$VFPS$VFMA$PE$A:L22UL41UL21$X:L11$S22US41US21$IEEE1$IW$USESV6$~STKCKD$USESV7$~SHL$OTIME$ROPI$IEEEX$EBA8$MICROLIB$REQ8$PRES8$EABIv2 0x00000000   Number         0  anon$$obj.o ABSOLUTE
    __ARM_use_no_argv                        0x00000000   Number         0  main.o ABSOLUTE
    __cpp_initialize__aeabi_                  - Undefined Weak Reference
    __cxa_finalize                            - Undefined Weak Reference
    _clock_init                               - Undefined Weak Reference
    _microlib_exit                            - Undefined Weak Reference
    __Vectors_Size                           0x00000188   Number         0  startup_stm32f4xx.o ABSOLUTE
    __Vectors                                0x08000000   Data           4  startup_stm32f4xx.o(RESET)
    __Vectors_End                            0x08000188   Data           0  startup_stm32f4xx.o(RESET)
    __main                                   0x08000189   Thumb Code     0  entry.o(.ARM.Collect$$$$00000000)
    _main_stk                                0x08000189   Thumb Code     0  entry2.o(.ARM.Collect$$$$00000001)
    _main_scatterload                        0x0800018d   Thumb Code     0  entry5.o(.ARM.Collect$$$$00000004)
    __main_after_scatterload                 0x08000191   Thumb Code     0  entry5.o(.ARM.Collect$$$$00000004)
    _main_clock                              0x08000191   Thumb Code     0  entry7b.o(.ARM.Collect$$$$00000008)
    _main_cpp_init                           0x08000191   Thumb Code     0  entry8b.o(.ARM.Collect$$$$0000000A)
    _main_init                               0x08000191   Thumb Code     0  entry9a.o(.ARM.Collect$$$$0000000B)
    __rt_final_cpp                           0x08000199   Thumb Code     0  entry10a.o(.ARM.Collect$$$$0000000D)
    __rt_final_exit                          0x08000199   Thumb Code     0  entry11a.o(.ARM.Collect$$$$0000000F)
    Reset_Handler                            0x0800019d   Thumb Code     8  startup_stm32f4xx.o(.text)
    SysTick_Handler                          0x080001b5   Thumb Code     2  startup_stm32f4xx.o(.text)
    ADC_IRQHandler                           0x080001b7   Thumb Code     0  startup_stm32f4xx.o(.text)
    CAN1_RX1_IRQHandler                      0x080001b7   Thumb Code     0  startup_stm32f4xx.o(.text)
    CAN1_SCE_IRQHandler                      0x080001b7   Thumb Code     0  startup_stm32f4xx.o(.text)
    CAN2_RX1_IRQHandler                      0x080001b7   Thumb Code     0  startup_stm32f4xx.o(.text)
    CAN2_SCE_IRQHandler                      0x080001b7   Thumb Code     0  startup_stm32f4xx.o(.text)
    CRYP_IRQHandler                          0x080001b7   Thumb Code     0  startup_stm32f4xx.o(.text)
    DCMI_IRQHandler                          0x080001b7   Thumb Code     0  startup_stm32f4xx.o(.text)
    DMA1_Stream0_IRQHandler                  0x080001b7   Thumb Code     0  startup_stm32f4xx.o(.text)
    DMA1_Stream1_IRQHandler                  0x080001b7   Thumb Code     0  startup_stm32f4xx.o(.text)
    DMA1_Stream2_IRQHandler                  0x080001b7   Thumb Code     0  startup_stm32f4xx.o(.text)
    DMA1_Stream3_IRQHandler                  0x080001b7   Thumb Code     0  startup_stm32f4xx.o(.text)
    DMA1_Stream4_IRQHandler                  0x080001b7   Thumb Code     0  startup_stm32f4xx.o(.text)
    DMA1_Stream5_IRQHandler                  0x080001b7   Thumb Code     0  startup_stm32f4xx.o(.text)
    DMA1_Stream6_IRQHandler                  0x080001b7   Thumb Code     0  startup_stm32f4xx.o(.text)
    DMA1_Stream7_IRQHandler                  0x080001b7   Thumb Code     0  startup_stm32f4xx.o(.text)
    DMA2_Stream0_IRQHandler                  0x080001b7   Thumb Code     0  startup_stm32f4xx.o(.text)
    DMA2_Stream1_IRQHandler                  0x080001b7   Thumb Code     0  startup_stm32f4xx.o(.text)
    DMA2_Stream2_IRQHandler                  0x080001b7   Thumb Code     0  startup_stm32f4xx.o(.text)
    DMA2_Stream3_IRQHandler                  0x080001b7   Thumb Code     0  startup_stm32f4xx.o(.text)
    DMA2_Stream4_IRQHandler                  0x080001b7   Thumb Code     0  startup_stm32f4xx.o(.text)
    DMA2_Stream5_IRQHandler                  0x080001b7   Thumb Code     0  startup_stm32f4xx.o(.text)
    DMA2_Stream6_IRQHandler                  0x080001b7   Thumb Code     0  startup_stm32f4xx.o(.text)
    DMA2_Stream7_IRQHandler                  0x080001b7   Thumb Code     0  startup_stm32f4xx.o(.text)
    ETH_IRQHandler                           0x080001b7   Thumb Code     0  startup_stm32f4xx.o(.text)
    ETH_WKUP_IRQHandler                      0x080001b7   Thumb Code     0  startup_stm32f4xx.o(.text)
    EXTI15_10_IRQHandler                     0x080001b7   Thumb Code     0  startup_stm32f4xx.o(.text)
    EXTI2_IRQHandler                         0x080001b7   Thumb Code     0  startup_stm32f4xx.o(.text)
    EXTI3_IRQHandler                         0x080001b7   Thumb Code     0  startup_stm32f4xx.o(.text)
    EXTI9_5_IRQHandler                       0x080001b7   Thumb Code     0  startup_stm32f4xx.o(.text)
    FLASH_IRQHandler                         0x080001b7   Thumb Code     0  startup_stm32f4xx.o(.text)
    FPU_IRQHandler                           0x080001b7   Thumb Code     0  startup_stm32f4xx.o(.text)
    FSMC_IRQHandler                          0x080001b7   Thumb Code     0  startup_stm32f4xx.o(.text)
    HASH_RNG_IRQHandler                      0x080001b7   Thumb Code     0  startup_stm32f4xx.o(.text)
    I2C1_ER_IRQHandler                       0x080001b7   Thumb Code     0  startup_stm32f4xx.o(.text)
    I2C1_EV_IRQHandler                       0x080001b7   Thumb Code     0  startup_stm32f4xx.o(.text)
    I2C2_ER_IRQHandler                       0x080001b7   Thumb Code     0  startup_stm32f4xx.o(.text)
    I2C2_EV_IRQHandler                       0x080001b7   Thumb Code     0  startup_stm32f4xx.o(.text)
    I2C3_ER_IRQHandler                       0x080001b7   Thumb Code     0  startup_stm32f4xx.o(.text)
    I2C3_EV_IRQHandler                       0x080001b7   Thumb Code     0  startup_stm32f4xx.o(.text)
    OTG_FS_IRQHandler                        0x080001b7   Thumb Code     0  startup_stm32f4xx.o(.text)
    OTG_FS_WKUP_IRQHandler                   0x080001b7   Thumb Code     0  startup_stm32f4xx.o(.text)
    OTG_HS_EP1_IN_IRQHandler                 0x080001b7   Thumb Code     0  startup_stm32f4xx.o(.text)
    OTG_HS_EP1_OUT_IRQHandler                0x080001b7   Thumb Code     0  startup_stm32f4xx.o(.text)
    OTG_HS_IRQHandler                        0x080001b7   Thumb Code     0  startup_stm32f4xx.o(.text)
    OTG_HS_WKUP_IRQHandler                   0x080001b7   Thumb Code     0  startup_stm32f4xx.o(.text)
    PVD_IRQHandler                           0x080001b7   Thumb Code     0  startup_stm32f4xx.o(.text)
    RCC_IRQHandler                           0x080001b7   Thumb Code     0  startup_stm32f4xx.o(.text)
    RTC_Alarm_IRQHandler                     0x080001b7   Thumb Code     0  startup_stm32f4xx.o(.text)
    RTC_WKUP_IRQHandler                      0x080001b7   Thumb Code     0  startup_stm32f4xx.o(.text)
    SDIO_IRQHandler                          0x080001b7   Thumb Code     0  startup_stm32f4xx.o(.text)
    SPI1_IRQHandler                          0x080001b7   Thumb Code     0  startup_stm32f4xx.o(.text)
    SPI2_IRQHandler                          0x080001b7   Thumb Code     0  startup_stm32f4xx.o(.text)
    SPI3_IRQHandler                          0x080001b7   Thumb Code     0  startup_stm32f4xx.o(.text)
    TAMP_STAMP_IRQHandler                    0x080001b7   Thumb Code     0  startup_stm32f4xx.o(.text)
    TIM1_BRK_TIM9_IRQHandler                 0x080001b7   Thumb Code     0  startup_stm32f4xx.o(.text)
    TIM1_CC_IRQHandler                       0x080001b7   Thumb Code     0  startup_stm32f4xx.o(.text)
    TIM1_TRG_COM_TIM11_IRQHandler            0x080001b7   Thumb Code     0  startup_stm32f4xx.o(.text)
    TIM1_UP_TIM10_IRQHandler                 0x080001b7   Thumb Code     0  startup_stm32f4xx.o(.text)
    TIM3_IRQHandler                          0x080001b7   Thumb Code     0  startup_stm32f4xx.o(.text)
    TIM4_IRQHandler                          0x080001b7   Thumb Code     0  startup_stm32f4xx.o(.text)
    TIM5_IRQHandler                          0x080001b7   Thumb Code     0  startup_stm32f4xx.o(.text)
    TIM7_IRQHandler                          0x080001b7   Thumb Code     0  startup_stm32f4xx.o(.text)
    TIM8_BRK_TIM12_IRQHandler                0x080001b7   Thumb Code     0  startup_stm32f4xx.o(.text)
    TIM8_CC_IRQHandler                       0x080001b7   Thumb Code     0  startup_stm32f4xx.o(.text)
    TIM8_TRG_COM_TIM14_IRQHandler            0x080001b7   Thumb Code     0  startup_stm32f4xx.o(.text)
    TIM8_UP_TIM13_IRQHandler                 0x080001b7   Thumb Code     0  startup_stm32f4xx.o(.text)
    UART4_IRQHandler                         0x080001b7   Thumb Code     0  startup_stm32f4xx.o(.text)
    UART5_IRQHandler                         0x080001b7   Thumb Code     0  startup_stm32f4xx.o(.text)
    USART2_IRQHandler                        0x080001b7   Thumb Code     0  startup_stm32f4xx.o(.text)
    USART6_IRQHandler                        0x080001b7   Thumb Code     0  startup_stm32f4xx.o(.text)
    WWDG_IRQHandler                          0x080001b7   Thumb Code     0  startup_stm32f4xx.o(.text)
    FrameUnpack                              0x08000241   Thumb Code   234  protocal_parser.o(.text)
    FramePack                                0x0800032b   Thumb Code    50  protocal_parser.o(.text)
    SetFrameLength                           0x0800035d   Thumb Code    10  protocal_parser.o(.text)
    SetFrameCmd                              0x08000367   Thumb Code    10  protocal_parser.o(.text)
    GetFrameCmd                              0x08000371   Thumb Code     6  protocal_parser.o(.text)
    GetFrameDataAddress                      0x08000377   Thumb Code     6  protocal_parser.o(.text)
    Version_Send                             0x0800037d   Thumb Code    94  protocal_parser.o(.text)
    IMU_Info_Send                            0x080003db   Thumb Code   122  protocal_parser.o(.text)
    Sensor_Info_Send                         0x08000455   Thumb Code   140  protocal_parser.o(.text)
    Mag_Cali_Info_Send                       0x080004e1   Thumb Code   122  protocal_parser.o(.text)
    Offset_Info_Send                         0x0800055b   Thumb Code   174  protocal_parser.o(.text)
    Cali_Feedback_Info_Send                  0x08000609   Thumb Code    88  protocal_parser.o(.text)
    Robot_Error_Code_Send                    0x08000661   Thumb Code     2  protocal_parser.o(.text)
    PID_Paremeter_Send                       0x08000663   Thumb Code   270  protocal_parser.o(.text)
    FIFO_Init                                0x08000771   Thumb Code    78  fifo.o(.text)
    FIFO_Create                              0x080007bf   Thumb Code    80  fifo.o(.text)
    FIFO_Destory                             0x0800080f   Thumb Code    40  fifo.o(.text)
    FIFO_S_Init                              0x08000837   Thumb Code    62  fifo.o(.text)
    FIFO_S_Create                            0x08000875   Thumb Code    60  fifo.o(.text)
    FIFO_S_Destory                           0x080008b1   Thumb Code    40  fifo.o(.text)
    FIFO_Put                                 0x080008d9   Thumb Code   106  fifo.o(.text)
    FIFO_S_Put                               0x08000943   Thumb Code    68  fifo.o(.text)
    FIFO_S_Puts                              0x08000987   Thumb Code    98  fifo.o(.text)
    FIFO_Get                                 0x080009e9   Thumb Code   106  fifo.o(.text)
    FIFO_S_Get                               0x08000a53   Thumb Code    58  fifo.o(.text)
    FIFO_GetHead                             0x08000a8d   Thumb Code   162  fifo.o(.text)
    FIFO_S_GetHead                           0x08000b2f   Thumb Code    76  fifo.o(.text)
    FIFO_PreRead                             0x08000b7b   Thumb Code   108  fifo.o(.text)
    FIFO_S_PreRead                           0x08000be7   Thumb Code    48  fifo.o(.text)
    FIFO_IsEmpty                             0x08000c17   Thumb Code    24  fifo.o(.text)
    FIFO_S_IsEmpty                           0x08000c2f   Thumb Code    24  fifo.o(.text)
    FIFO_IsFull                              0x08000c47   Thumb Code    24  fifo.o(.text)
    FIFO_S_IsFull                            0x08000c5f   Thumb Code    24  fifo.o(.text)
    FIFO_CountUsed                           0x08000c77   Thumb Code    16  fifo.o(.text)
    FIFO_S_CountUsed                         0x08000c87   Thumb Code    16  fifo.o(.text)
    FIFO_CountFree                           0x08000c97   Thumb Code    16  fifo.o(.text)
    FIFO_S_CountFree                         0x08000ca7   Thumb Code    16  fifo.o(.text)
    FIFO_Flush                               0x08000cb7   Thumb Code    50  fifo.o(.text)
    FIFO_S_Flush                             0x08000ce9   Thumb Code    44  fifo.o(.text)
    RampInit                                 0x08000d15   Thumb Code     8  ramp.o(.text)
    RampCalc                                 0x08000d1d   Thumb Code    66  ramp.o(.text)
    RampSetCounter                           0x08000d5f   Thumb Code     4  ramp.o(.text)
    RampResetCounter                         0x08000d63   Thumb Code     6  ramp.o(.text)
    RampSetScale                             0x08000d69   Thumb Code     4  ramp.o(.text)
    RampIsOverflow                           0x08000d6d   Thumb Code    18  ramp.o(.text)
    LostCounterFeed                          0x08000d85   Thumb Code     8  lostcounter.o(.text)
    LostCounterCount                         0x08000d8d   Thumb Code    10  lostcounter.o(.text)
    LostCounterOverflowCheck                 0x08000d97   Thumb Code    14  lostcounter.o(.text)
    PID_Reset                                0x08000da5   Thumb Code    50  pid_regulator.o(.text)
    PID_Calc                                 0x08000dd7   Thumb Code   234  pid_regulator.o(.text)
    Get_CRC8_Check_Sum                       0x08000ec5   Thumb Code    30  mf_crc8.o(.text)
    Verify_CRC8_Check_Sum                    0x08000ee3   Thumb Code    46  mf_crc8.o(.text)
    Append_CRC8_Check_Sum                    0x08000f11   Thumb Code    36  mf_crc8.o(.text)
    Get_CRC16_Check_Sum                      0x08000f39   Thumb Code    46  mf_crc16.o(.text)
    Verify_CRC16_Check_Sum                   0x08000f67   Thumb Code    60  mf_crc16.o(.text)
    Append_CRC16_Check_Sum                   0x08000fa3   Thumb Code    44  mf_crc16.o(.text)
    __aeabi_memcpy                           0x08000fd9   Thumb Code    36  memcpya.o(.text)
    __aeabi_memcpy4                          0x08000fd9   Thumb Code     0  memcpya.o(.text)
    __aeabi_memcpy8                          0x08000fd9   Thumb Code     0  memcpya.o(.text)
    __aeabi_memset                           0x08000ffd   Thumb Code    14  memseta.o(.text)
    __aeabi_memset4                          0x08000ffd   Thumb Code     0  memseta.o(.text)
    __aeabi_memset8                          0x08000ffd   Thumb Code     0  memseta.o(.text)
    __aeabi_memclr                           0x0800100b   Thumb Code     4  memseta.o(.text)
    __aeabi_memclr4                          0x0800100b   Thumb Code     0  memseta.o(.text)
    __aeabi_memclr8                          0x0800100b   Thumb Code     0  memseta.o(.text)
    _memset$wrapper                          0x0800100f   Thumb Code    18  memseta.o(.text)
    __aeabi_dadd                             0x08001021   Thumb Code   322  dadd.o(.text)
    __aeabi_dsub                             0x08001163   Thumb Code     6  dadd.o(.text)
    __aeabi_drsub                            0x08001169   Thumb Code     6  dadd.o(.text)
    __aeabi_dmul                             0x0800116f   Thumb Code   228  dmul.o(.text)
    __aeabi_ddiv                             0x08001253   Thumb Code   222  ddiv.o(.text)
    __aeabi_i2d                              0x08001331   Thumb Code    34  dflti.o(.text)
    __aeabi_d2uiz                            0x08001353   Thumb Code    50  dfixui.o(.text)
    __aeabi_f2d                              0x08001385   Thumb Code    38  f2d.o(.text)
    __aeabi_cdrcmple                         0x080013ad   Thumb Code    48  cdrcmple.o(.text)
    __aeabi_d2f                              0x080013dd   Thumb Code    56  d2f.o(.text)
    __aeabi_llsl                             0x08001415   Thumb Code    30  llshl.o(.text)
    _ll_shift_l                              0x08001415   Thumb Code     0  llshl.o(.text)
    __aeabi_llsr                             0x08001433   Thumb Code    32  llushr.o(.text)
    _ll_ushift_r                             0x08001433   Thumb Code     0  llushr.o(.text)
    __aeabi_lasr                             0x08001453   Thumb Code    36  llsshr.o(.text)
    _ll_sshift_r                             0x08001453   Thumb Code     0  llsshr.o(.text)
    __I$use$fp                               0x08001477   Thumb Code     0  iusefp.o(.text)
    _float_round                             0x08001477   Thumb Code    18  fepilogue.o(.text)
    _float_epilogue                          0x08001489   Thumb Code    92  fepilogue.o(.text)
    _double_round                            0x080014e5   Thumb Code    30  depilogue.o(.text)
    _double_epilogue                         0x08001503   Thumb Code   156  depilogue.o(.text)
    _dsqrt                                   0x0800159f   Thumb Code   162  dsqrt.o(.text)
    __scatterload                            0x08001641   Thumb Code    28  init.o(.text)
    __scatterload_rt2                        0x08001641   Thumb Code     0  init.o(.text)
    __decompress                             0x08001665   Thumb Code     0  __dczerorl2.o(.text)
    __decompress1                            0x08001665   Thumb Code    86  __dczerorl2.o(.text)
    AppParamInit                             0x080016bd   Thumb Code   276  iotask.o(i.AppParamInit)
    BSP_FLASH_GetFlashSector                 0x080017f9   Thumb Code   116  bsp_flash.o(i.BSP_FLASH_GetFlashSector)
    BSP_FLASH_Write                          0x08001899   Thumb Code   168  bsp_flash.o(i.BSP_FLASH_Write)
    BSP_Init                                 0x08001945   Thumb Code    70  bsp.o(i.BSP_Init)
    BusFault_Handler                         0x08001991   Thumb Code     4  stm32f4xx_it.o(i.BusFault_Handler)
    CAN1_Configuration                       0x08001995   Thumb Code   262  can1.o(i.CAN1_Configuration)
    CAN1_RX0_IRQHandler                      0x08001aa5   Thumb Code    50  can1.o(i.CAN1_RX0_IRQHandler)
    CAN1_TX_IRQHandler                       0x08001ae1   Thumb Code    22  can1.o(i.CAN1_TX_IRQHandler)
    CAN2_Configuration                       0x08001afd   Thumb Code   264  can2.o(i.CAN2_Configuration)
    CAN2_RX0_IRQHandler                      0x08001c0d   Thumb Code    42  can2.o(i.CAN2_RX0_IRQHandler)
    CAN2_TX_IRQHandler                       0x08001c3d   Thumb Code    22  can2.o(i.CAN2_TX_IRQHandler)
    CAN_ClearFlag                            0x08001c59   Thumb Code    52  stm32f4xx_can.o(i.CAN_ClearFlag)
    CAN_ClearITPendingBit                    0x08001c91   Thumb Code   162  stm32f4xx_can.o(i.CAN_ClearITPendingBit)
    CAN_DeInit                               0x08001d39   Thumb Code    50  stm32f4xx_can.o(i.CAN_DeInit)
    CAN_FilterInit                           0x08001d71   Thumb Code   258  stm32f4xx_can.o(i.CAN_FilterInit)
    CAN_GetITStatus                          0x08001e79   Thumb Code   284  stm32f4xx_can.o(i.CAN_GetITStatus)
    CAN_ITConfig                             0x08001f99   Thumb Code    18  stm32f4xx_can.o(i.CAN_ITConfig)
    CAN_Init                                 0x08001fab   Thumb Code   276  stm32f4xx_can.o(i.CAN_Init)
    CAN_Receive                              0x080020bf   Thumb Code   240  stm32f4xx_can.o(i.CAN_Receive)
    CAN_StructInit                           0x080021af   Thumb Code    32  stm32f4xx_can.o(i.CAN_StructInit)
    CAN_Transmit                             0x080021cf   Thumb Code   294  stm32f4xx_can.o(i.CAN_Transmit)
    CMControlLoop                            0x080022f5   Thumb Code   766  controltask.o(i.CMControlLoop)
    CalibrateLoop                            0x08002631   Thumb Code   234  iotask.o(i.CalibrateLoop)
    CanReceiveMsgProcess                     0x08002731   Thumb Code   554  canbustask.o(i.CanReceiveMsgProcess)
    Control_Task                             0x08002999   Thumb Code    86  controltask.o(i.Control_Task)
    ControtLoopTaskInit                      0x080029f5   Thumb Code   268  controltask.o(i.ControtLoopTaskInit)
    DMA_Cmd                                  0x08002b41   Thumb Code    22  stm32f4xx_dma.o(i.DMA_Cmd)
    DMA_DeInit                               0x08002b59   Thumb Code   324  stm32f4xx_dma.o(i.DMA_DeInit)
    DMA_DoubleBufferModeCmd                  0x08002cb1   Thumb Code    22  stm32f4xx_dma.o(i.DMA_DoubleBufferModeCmd)
    DMA_DoubleBufferModeConfig               0x08002cc7   Thumb Code    24  stm32f4xx_dma.o(i.DMA_DoubleBufferModeConfig)
    DMA_GetCurrDataCounter                   0x08002cdf   Thumb Code     8  stm32f4xx_dma.o(i.DMA_GetCurrDataCounter)
    DMA_GetCurrentMemoryTarget               0x08002ce7   Thumb Code    20  stm32f4xx_dma.o(i.DMA_GetCurrentMemoryTarget)
    DMA_Init                                 0x08002cfd   Thumb Code    82  stm32f4xx_dma.o(i.DMA_Init)
    DMA_StructInit                           0x08002d55   Thumb Code    34  stm32f4xx_dma.o(i.DMA_StructInit)
    DebugMon_Handler                         0x08002d77   Thumb Code     2  stm32f4xx_it.o(i.DebugMon_Handler)
    Delay_ms                                 0x08002d79   Thumb Code    28  delay.o(i.Delay_ms)
    EXTI0_IRQHandler                         0x08002d95   Thumb Code    18  exti.o(i.EXTI0_IRQHandler)
    EXTI1_IRQHandler                         0x08002da7   Thumb Code    18  exti.o(i.EXTI1_IRQHandler)
    EXTI4_IRQHandler                         0x08002db9   Thumb Code    46  mpu6050_interrupt.o(i.EXTI4_IRQHandler)
    EXTI_ClearFlag                           0x08002ded   Thumb Code     6  stm32f4xx_exti.o(i.EXTI_ClearFlag)
    EXTI_ClearITPendingBit                   0x08002df9   Thumb Code     6  stm32f4xx_exti.o(i.EXTI_ClearITPendingBit)
    EXTI_GetITStatus                         0x08002e05   Thumb Code    34  stm32f4xx_exti.o(i.EXTI_GetITStatus)
    EXTI_Init                                0x08002e2d   Thumb Code   142  stm32f4xx_exti.o(i.EXTI_Init)
    EncoderProcess                           0x08002ec1   Thumb Code   202  canbustask.o(i.EncoderProcess)
    Encoder_Start                            0x08002f99   Thumb Code    10  encoder.o(i.Encoder_Start)
    FLASH_DataCacheCmd                       0x08002fa9   Thumb Code    30  stm32f4xx_flash.o(i.FLASH_DataCacheCmd)
    FLASH_EraseSector                        0x08002fcd   Thumb Code   130  stm32f4xx_flash.o(i.FLASH_EraseSector)
    FLASH_GetStatus                          0x08003055   Thumb Code    66  stm32f4xx_flash.o(i.FLASH_GetStatus)
    FLASH_Lock                               0x0800309d   Thumb Code    14  stm32f4xx_flash.o(i.FLASH_Lock)
    FLASH_ProgramByte                        0x080030b1   Thumb Code    70  stm32f4xx_flash.o(i.FLASH_ProgramByte)
    FLASH_Unlock                             0x080030fd   Thumb Code    24  stm32f4xx_flash.o(i.FLASH_Unlock)
    FLASH_WaitForLastOperation               0x08003121   Thumb Code    34  stm32f4xx_flash.o(i.FLASH_WaitForLastOperation)
    GMPitchControlLoop                       0x08003145   Thumb Code   238  controltask.o(i.GMPitchControlLoop)
    GMYawControlLoop                         0x08003265   Thumb Code   162  controltask.o(i.GMYawControlLoop)
    GPIO_Init                                0x0800331d   Thumb Code   144  stm32f4xx_gpio.o(i.GPIO_Init)
    GPIO_PinAFConfig                         0x080033ad   Thumb Code    70  stm32f4xx_gpio.o(i.GPIO_PinAFConfig)
    GPIO_ReadInputDataBit                    0x080033f3   Thumb Code    18  stm32f4xx_gpio.o(i.GPIO_ReadInputDataBit)
    GPIO_ResetBits                           0x08003405   Thumb Code     4  stm32f4xx_gpio.o(i.GPIO_ResetBits)
    GPIO_SetBits                             0x08003409   Thumb Code     4  stm32f4xx_gpio.o(i.GPIO_SetBits)
    GPIO_StructInit                          0x0800340d   Thumb Code    18  stm32f4xx_gpio.o(i.GPIO_StructInit)
    GPIO_ToggleBits                          0x0800341f   Thumb Code     8  stm32f4xx_gpio.o(i.GPIO_ToggleBits)
    GYRO_RST                                 0x08003429   Thumb Code    86  can1.o(i.GYRO_RST)
    GetCaliCmdFlagGrp                        0x08003485   Thumb Code     6  iotask.o(i.GetCaliCmdFlagGrp)
    GetEncoderBias                           0x08003491   Thumb Code    26  canbustask.o(i.GetEncoderBias)
    GetFrictionState                         0x080034ad   Thumb Code     6  remotetask.o(i.GetFrictionState)
    GetInputMode                             0x080034b9   Thumb Code     6  remotetask.o(i.GetInputMode)
    GetLostCounter                           0x080034c5   Thumb Code    18  supervisetask.o(i.GetLostCounter)
    GetPitchYawGxGyGz                        0x080034dd   Thumb Code   204  imu.o(i.GetPitchYawGxGyGz)
    GetQuadEncoderDiff                       0x080035d5   Thumb Code    36  encoder.o(i.GetQuadEncoderDiff)
    GetRemoteSwitchAction                    0x08003601   Thumb Code   120  remotetask.o(i.GetRemoteSwitchAction)
    GetShootState                            0x0800367d   Thumb Code     6  remotetask.o(i.GetShootState)
    GetWorkState                             0x08003689   Thumb Code     6  controltask.o(i.GetWorkState)
    Get_Lost_Error                           0x08003695   Thumb Code    10  supervisetask.o(i.Get_Lost_Error)
    Get_Time_Micros                          0x080036a5   Thumb Code     8  timer.o(i.Get_Time_Micros)
    GimbalAngleLimit                         0x080036ad   Thumb Code   158  remotetask.o(i.GimbalAngleLimit)
    GimbalCaliProcess                        0x08003759   Thumb Code   134  iotask.o(i.GimbalCaliProcess)
    GimbalYawControlModeSwitch               0x080037fd   Thumb Code   282  controltask.o(i.GimbalYawControlModeSwitch)
    GyroCaliProcess                          0x08003949   Thumb Code   202  iotask.o(i.GyroCaliProcess)
    HEAT_Configuration                       0x08003a31   Thumb Code    50  mpu6050_i2c.o(i.HEAT_Configuration)
    HMC5883_Init                             0x08003a69   Thumb Code   116  mpu6050_driver.o(i.HMC5883_Init)
    HMC58X3_ReadData                         0x08003af5   Thumb Code    18  mpu6050_driver.o(i.HMC58X3_ReadData)
    HMC58X3_getRaw                           0x08003b09   Thumb Code   100  mpu6050_driver.o(i.HMC58X3_getRaw)
    HMC58X3_getlastValues                    0x08003b75   Thumb Code    22  mpu6050_driver.o(i.HMC58X3_getlastValues)
    HMC58X3_mgetValues                       0x08003b91   Thumb Code   148  mpu6050_driver.o(i.HMC58X3_mgetValues)
    HMC58X3_newValues                        0x08003c35   Thumb Code   334  mpu6050_driver.o(i.HMC58X3_newValues)
    HardFault_Handler                        0x08003d8d   Thumb Code     4  stm32f4xx_it.o(i.HardFault_Handler)
    IIC_Ack                                  0x08003d91   Thumb Code    66  mpu6050_i2c.o(i.IIC_Ack)
    IIC_Delay                                0x08003dd9   Thumb Code    26  mpu6050_i2c.o(i.IIC_Delay)
    IIC_GPIO_Init                            0x08003df5   Thumb Code    42  mpu6050_i2c.o(i.IIC_GPIO_Init)
    IIC_ReadBit                              0x08003e25   Thumb Code    86  mpu6050_i2c.o(i.IIC_ReadBit)
    IIC_ReadData                             0x08003e81   Thumb Code   146  mpu6050_i2c.o(i.IIC_ReadData)
    IIC_SDA_In                               0x08003f39   Thumb Code    38  mpu6050_i2c.o(i.IIC_SDA_In)
    IIC_SDA_Out                              0x08003f65   Thumb Code    34  mpu6050_i2c.o(i.IIC_SDA_Out)
    IIC_Start                                0x08003f8d   Thumb Code    60  mpu6050_i2c.o(i.IIC_Start)
    IIC_Stop                                 0x08003fcd   Thumb Code    60  mpu6050_i2c.o(i.IIC_Stop)
    IIC_WaitAck                              0x0800400d   Thumb Code    94  mpu6050_i2c.o(i.IIC_WaitAck)
    IIC_WriteBit                             0x0800407d   Thumb Code    96  mpu6050_i2c.o(i.IIC_WriteBit)
    IIC_WriteData                            0x080040e1   Thumb Code    92  mpu6050_i2c.o(i.IIC_WriteData)
    IMU_AHRSupdate                           0x08004161   Thumb Code  1920  imu.o(i.IMU_AHRSupdate)
    IMU_getQ                                 0x08004925   Thumb Code    56  imu.o(i.IMU_getQ)
    IMU_getValues                            0x08004971   Thumb Code   196  imu.o(i.IMU_getValues)
    IMU_getYawPitchRoll                      0x08004a3d   Thumb Code   552  imu.o(i.IMU_getYawPitchRoll)
    Init_Quaternion                          0x08004c79   Thumb Code   664  imu.o(i.Init_Quaternion)
    IsCaliCmdFlagSet                         0x08004f7d   Thumb Code    18  iotask.o(i.IsCaliCmdFlagSet)
    IsRemoteBeingAction                      0x08004f95   Thumb Code   238  remotetask.o(i.IsRemoteBeingAction)
    Is_AppParam_Calied                       0x08005095   Thumb Code     6  iotask.o(i.Is_AppParam_Calied)
    Is_Lost_Error_Set                        0x080050a1   Thumb Code    22  supervisetask.o(i.Is_Lost_Error_Set)
    Is_Serious_Error                         0x080050b7   Thumb Code    46  supervisetask.o(i.Is_Serious_Error)
    Led_Configuration                        0x080050e5   Thumb Code    58  led.o(i.Led_Configuration)
    MPU6050_DataSave                         0x08005125   Thumb Code   494  mpu6050_driver.o(i.MPU6050_DataSave)
    MPU6050_EnableInt                        0x08005319   Thumb Code    66  mpu6050_driver.o(i.MPU6050_EnableInt)
    MPU6050_Init                             0x080053b1   Thumb Code   254  mpu6050_driver.o(i.MPU6050_Init)
    MPU6050_Initialize                       0x0800551d   Thumb Code    20  mpu6050_driver.o(i.MPU6050_Initialize)
    MPU6050_IntConfiguration                 0x08005531   Thumb Code   124  mpu6050_interrupt.o(i.MPU6050_IntConfiguration)
    MPU6050_ReadData                         0x080055b1   Thumb Code    44  mpu6050_driver.o(i.MPU6050_ReadData)
    MPU6050_getMotion6                       0x080055e9   Thumb Code   354  mpu6050_driver.o(i.MPU6050_getMotion6)
    MPU6050_getlastMotion6                   0x08005775   Thumb Code    76  mpu6050_driver.o(i.MPU6050_getlastMotion6)
    MagEndCaliProcess                        0x080057c9   Thumb Code   138  iotask.o(i.MagEndCaliProcess)
    MagStartCaliProcess                      0x0800585d   Thumb Code    26  iotask.o(i.MagStartCaliProcess)
    MemManage_Handler                        0x0800587d   Thumb Code     4  stm32f4xx_it.o(i.MemManage_Handler)
    MouseKeyControlProcess                   0x08005881   Thumb Code   446  remotetask.o(i.MouseKeyControlProcess)
    MouseShootControl                        0x08005a5d   Thumb Code   288  remotetask.o(i.MouseShootControl)
    NMI_Handler                              0x08005b95   Thumb Code     2  stm32f4xx_it.o(i.NMI_Handler)
    NVIC_Init                                0x08005b99   Thumb Code   106  misc.o(i.NVIC_Init)
    NVIC_PriorityGroupConfig                 0x08005c11   Thumb Code    10  misc.o(i.NVIC_PriorityGroupConfig)
    PIDCaliProcess                           0x08005c25   Thumb Code    22  iotask.o(i.PIDCaliProcess)
    PWM_Configuration                        0x08005c41   Thumb Code   282  gun.o(i.PWM_Configuration)
    PendSV_Handler                           0x08005d69   Thumb Code     2  stm32f4xx_it.o(i.PendSV_Handler)
    Quad_Encoder_Configuration               0x08005d6d   Thumb Code    90  encoder.o(i.Quad_Encoder_Configuration)
    RCC_AHB1PeriphClockCmd                   0x08005dd1   Thumb Code    26  stm32f4xx_rcc.o(i.RCC_AHB1PeriphClockCmd)
    RCC_APB1PeriphClockCmd                   0x08005df1   Thumb Code    26  stm32f4xx_rcc.o(i.RCC_APB1PeriphClockCmd)
    RCC_APB1PeriphResetCmd                   0x08005e11   Thumb Code    26  stm32f4xx_rcc.o(i.RCC_APB1PeriphResetCmd)
    RCC_APB2PeriphClockCmd                   0x08005e31   Thumb Code    26  stm32f4xx_rcc.o(i.RCC_APB2PeriphClockCmd)
    RCC_APB2PeriphResetCmd                   0x08005e51   Thumb Code    26  stm32f4xx_rcc.o(i.RCC_APB2PeriphResetCmd)
    RCC_GetClocksFreq                        0x08005e71   Thumb Code   214  stm32f4xx_rcc.o(i.RCC_GetClocksFreq)
    RemoteControlProcess                     0x08005f59   Thumb Code   222  remotetask.o(i.RemoteControlProcess)
    RemoteDataPrcess                         0x08006051   Thumb Code   210  remotetask.o(i.RemoteDataPrcess)
    RemoteShootControl                       0x08006129   Thumb Code   264  remotetask.o(i.RemoteShootControl)
    RemoteTaskInit                           0x08006249   Thumb Code    30  remotetask.o(i.RemoteTaskInit)
    ResetCaliCmdFlag                         0x08006275   Thumb Code    12  iotask.o(i.ResetCaliCmdFlag)
    SVC_Handler                              0x08006285   Thumb Code     2  stm32f4xx_it.o(i.SVC_Handler)
    SYSCFG_EXTILineConfig                    0x08006289   Thumb Code    60  stm32f4xx_syscfg.o(i.SYSCFG_EXTILineConfig)
    Sensor_Offset_Param_Init                 0x080062c9   Thumb Code   112  iotask.o(i.Sensor_Offset_Param_Init)
    SetCaliCmdFlag                           0x08006361   Thumb Code    12  iotask.o(i.SetCaliCmdFlag)
    SetGimbalCaliData                        0x08006371   Thumb Code    24  iotask.o(i.SetGimbalCaliData)
    SetGimbalMotorOutput                     0x0800638d   Thumb Code    80  controltask.o(i.SetGimbalMotorOutput)
    SetGyroCaliData                          0x080063e9   Thumb Code    28  iotask.o(i.SetGyroCaliData)
    SetInputMode                             0x08006409   Thumb Code    36  remotetask.o(i.SetInputMode)
    SetMagCaliData                           0x08006431   Thumb Code    22  iotask.o(i.SetMagCaliData)
    SetPIDCaliData                           0x0800644d   Thumb Code   280  iotask.o(i.SetPIDCaliData)
    SetShootState                            0x08006569   Thumb Code     6  remotetask.o(i.SetShootState)
    Set_CM_Speed                             0x0800666d   Thumb Code    92  canbustask.o(i.Set_CM_Speed)
    Set_Gimbal_Current                       0x080066c9   Thumb Code    82  canbustask.o(i.Set_Gimbal_Current)
    ShooterMControlLoop                      0x0800671d   Thumb Code    74  controltask.o(i.ShooterMControlLoop)
    SystemInit                               0x08006775   Thumb Code    88  system_stm32f4xx.o(i.SystemInit)
    TIM2_Configuration                       0x080067dd   Thumb Code    60  timer.o(i.TIM2_Configuration)
    TIM2_IRQHandler                          0x08006819   Thumb Code    46  timer.o(i.TIM2_IRQHandler)
    TIM6_Configuration                       0x0800684d   Thumb Code    72  timer.o(i.TIM6_Configuration)
    TIM6_DAC_IRQHandler                      0x08006899   Thumb Code    34  timer.o(i.TIM6_DAC_IRQHandler)
    TIM6_Start                               0x080068c1   Thumb Code    30  timer.o(i.TIM6_Start)
    TIM_ARRPreloadConfig                     0x080068e5   Thumb Code    24  stm32f4xx_tim.o(i.TIM_ARRPreloadConfig)
    TIM_ClearFlag                            0x080068fd   Thumb Code     6  stm32f4xx_tim.o(i.TIM_ClearFlag)
    TIM_ClearITPendingBit                    0x08006903   Thumb Code     6  stm32f4xx_tim.o(i.TIM_ClearITPendingBit)
    TIM_Cmd                                  0x08006909   Thumb Code    24  stm32f4xx_tim.o(i.TIM_Cmd)
    TIM_EncoderInterfaceConfig               0x08006921   Thumb Code    66  stm32f4xx_tim.o(i.TIM_EncoderInterfaceConfig)
    TIM_GetITStatus                          0x08006963   Thumb Code    34  stm32f4xx_tim.o(i.TIM_GetITStatus)
    TIM_ITConfig                             0x08006985   Thumb Code    18  stm32f4xx_tim.o(i.TIM_ITConfig)
    TIM_OC1Init                              0x08006999   Thumb Code   114  stm32f4xx_tim.o(i.TIM_OC1Init)
    TIM_OC1PreloadConfig                     0x08006a15   Thumb Code    18  stm32f4xx_tim.o(i.TIM_OC1PreloadConfig)
    TIM_OC2Init                              0x08006a29   Thumb Code   154  stm32f4xx_tim.o(i.TIM_OC2Init)
    TIM_OC2PreloadConfig                     0x08006acd   Thumb Code    26  stm32f4xx_tim.o(i.TIM_OC2PreloadConfig)
    TIM_TimeBaseInit                         0x08006ae9   Thumb Code   104  stm32f4xx_tim.o(i.TIM_TimeBaseInit)
    UART3_PrintBlock                         0x08006b6d   Thumb Code    44  usart3.o(i.UART3_PrintBlock)
    USART1_Configuration                     0x08006ba1   Thumb Code   302  usart1.o(i.USART1_Configuration)
    USART1_IRQHandler                        0x08006cf9   Thumb Code   190  usart1.o(i.USART1_IRQHandler)
    USART3_Configuration                     0x08006dc9   Thumb Code   182  usart3.o(i.USART3_Configuration)
    USART3_IRQHandler                        0x08006e8d   Thumb Code   240  usart3.o(i.USART3_IRQHandler)
    USART_Cmd                                0x08006f89   Thumb Code    24  stm32f4xx_usart.o(i.USART_Cmd)
    USART_DMACmd                             0x08006fa1   Thumb Code    18  stm32f4xx_usart.o(i.USART_DMACmd)
    USART_DeInit                             0x08006fb5   Thumb Code   156  stm32f4xx_usart.o(i.USART_DeInit)
    USART_GetFlagStatus                      0x08007069   Thumb Code    26  stm32f4xx_usart.o(i.USART_GetFlagStatus)
    USART_GetITStatus                        0x08007083   Thumb Code    84  stm32f4xx_usart.o(i.USART_GetITStatus)
    USART_ITConfig                           0x080070d7   Thumb Code    74  stm32f4xx_usart.o(i.USART_ITConfig)
    USART_Init                               0x08007121   Thumb Code   204  stm32f4xx_usart.o(i.USART_Init)
    USART_ReceiveData                        0x080071f5   Thumb Code    10  stm32f4xx_usart.o(i.USART_ReceiveData)
    USART_SendData                           0x080071ff   Thumb Code     8  stm32f4xx_usart.o(i.USART_SendData)
    USART_StructInit                         0x08007207   Thumb Code    24  stm32f4xx_usart.o(i.USART_StructInit)
    UploadParameter                          0x08007221   Thumb Code   512  iotask.o(i.UploadParameter)
    UsageFault_Handler                       0x08007471   Thumb Code     4  stm32f4xx_it.o(i.UsageFault_Handler)
    WorkStateFSM                             0x08007475   Thumb Code   268  controltask.o(i.WorkStateFSM)
    __0printf$bare                           0x080075b5   Thumb Code     8  printfb.o(i.__0printf$bare)
    __1printf$bare                           0x080075b5   Thumb Code     0  printfb.o(i.__0printf$bare)
    __2printf                                0x080075b5   Thumb Code     0  printfb.o(i.__0printf$bare)
    __ARM_fpclassify                         0x080075c5   Thumb Code    48  fpclassify.o(i.__ARM_fpclassify)
    __hardfp_asin                            0x080075f9   Thumb Code   770  asin.o(i.__hardfp_asin)
    __hardfp_atan                            0x08007959   Thumb Code   622  atan.o(i.__hardfp_atan)
    __hardfp_atan2                           0x08007c31   Thumb Code   432  atan2.o(i.__hardfp_atan2)
    __hardfp_fabs                            0x08007e21   Thumb Code    20  fabs.o(i.__hardfp_fabs)
    __hardfp_sqrt                            0x08007e35   Thumb Code   122  sqrt.o(i.__hardfp_sqrt)
    __kernel_poly                            0x08007eaf   Thumb Code   248  poly.o(i.__kernel_poly)
    __mathlib_dbl_infnan                     0x08007fa7   Thumb Code    20  dunder.o(i.__mathlib_dbl_infnan)
    __mathlib_dbl_infnan2                    0x08007fbb   Thumb Code    20  dunder.o(i.__mathlib_dbl_infnan2)
    __mathlib_dbl_invalid                    0x08007fd1   Thumb Code    24  dunder.o(i.__mathlib_dbl_invalid)
    __mathlib_dbl_underflow                  0x08007ff1   Thumb Code    24  dunder.o(i.__mathlib_dbl_underflow)
    __scatterload_copy                       0x08008011   Thumb Code    14  handlers.o(i.__scatterload_copy)
    __scatterload_null                       0x0800801f   Thumb Code     2  handlers.o(i.__scatterload_null)
    __scatterload_zeroinit                   0x08008021   Thumb Code    14  handlers.o(i.__scatterload_zeroinit)
    __set_errno                              0x08008031   Thumb Code     6  errno.o(i.__set_errno)
    atan                                     0x0800805f   Thumb Code    16  atan.o(i.atan)
    delay_ms                                 0x0800806f   Thumb Code    28  delay.o(i.delay_ms)
    fabs                                     0x0800808b   Thumb Code    24  fabs.o(i.fabs)
    fputc                                    0x080080a5   Thumb Code    32  usart3.o(i.fputc)
    free                                     0x080080c9   Thumb Code    76  malloc.o(i.free)
    invSqrt                                  0x08008119   Thumb Code    56  imu.o(i.invSqrt)
    main                                     0x08008155   Thumb Code    56  main.o(i.main)
    malloc                                   0x08008195   Thumb Code    92  malloc.o(i.malloc)
    sqrt                                     0x08008201   Thumb Code   110  sqrt.o(i.sqrt)
    CRC8_INIT                                0x0800826e   Data           1  mf_crc8.o(.constdata)
    CRC8_TAB                                 0x0800826f   Data         256  mf_crc8.o(.constdata)
    wCRC_Table                               0x08008370   Data         512  mf_crc16.o(.constdata)
    __mathlib_zero                           0x08008658   Data           8  qnan.o(.constdata)
    Region$$Table$$Base                      0x08008660   Number         0  anon$$obj.o(Region$$Table)
    Region$$Table$$Limit                     0x08008680   Number         0  anon$$obj.o(Region$$Table)
    Upload_Speed                             0x20000000   Data           4  main.o(.data)
    power1                                   0x20000004   Data           2  main.o(.data)
    power2                                   0x20000006   Data           2  main.o(.data)
    system_micrsecond                        0x20000008   Data           4  main.o(.data)
    UART_TranFifo                            0x20000010   Data           4  usart3.o(.data)
    exInt                                    0x20000028   Data           4  imu.o(.data)
    eyInt                                    0x2000002c   Data           4  imu.o(.data)
    ezInt                                    0x20000030   Data           4  imu.o(.data)
    q0                                       0x20000034   Data           4  imu.o(.data)
    q1                                       0x20000038   Data           4  imu.o(.data)
    q2                                       0x2000003c   Data           4  imu.o(.data)
    q3                                       0x20000040   Data           4  imu.o(.data)
    lastUpdate                               0x20000068   Data           4  imu.o(.data)
    now                                      0x2000006c   Data           4  imu.o(.data)
    yaw_temp                                 0x20000070   Data           4  imu.o(.data)
    pitch_temp                               0x20000074   Data           4  imu.o(.data)
    roll_temp                                0x20000078   Data           4  imu.o(.data)
    last_yaw_temp                            0x2000007c   Data           4  imu.o(.data)
    last_pitch_temp                          0x20000080   Data           4  imu.o(.data)
    last_roll_temp                           0x20000084   Data           4  imu.o(.data)
    yaw_angle                                0x20000088   Data           4  imu.o(.data)
    pitch_angle                              0x2000008c   Data           4  imu.o(.data)
    roll_angle                               0x20000090   Data           4  imu.o(.data)
    HMC5883_lastx                            0x20000098   Data           4  mpu6050_driver.o(.data)
    HMC5883_lasty                            0x2000009c   Data           4  mpu6050_driver.o(.data)
    HMC5883_lastz                            0x200000a0   Data           4  mpu6050_driver.o(.data)
    MPU6050_Lastax                           0x200000a4   Data           2  mpu6050_driver.o(.data)
    MPU6050_Lastay                           0x200000a6   Data           2  mpu6050_driver.o(.data)
    MPU6050_Lastaz                           0x200000a8   Data           2  mpu6050_driver.o(.data)
    MPU6050_Lastgx                           0x200000aa   Data           2  mpu6050_driver.o(.data)
    MPU6050_Lastgy                           0x200000ac   Data           2  mpu6050_driver.o(.data)
    MPU6050_Lastgz                           0x200000ae   Data           2  mpu6050_driver.o(.data)
    isMPU6050_is_DRY                         0x200000b0   Data           1  mpu6050_interrupt.o(.data)
    PIDCaliData                              0x200000c0   Data           8  iotask.o(.data)
    GimbalSavedCaliData                      0x200000c8   Data           5  iotask.o(.data)
    GyroSavedCaliData                        0x200000cd   Data           7  iotask.o(.data)
    PitchPositionSavedPID                    0x200000d4   Data           8  iotask.o(.data)
    PitchSpeedSavedPID                       0x200000dc   Data           8  iotask.o(.data)
    YawPositionSavedPID                      0x200000e4   Data           8  iotask.o(.data)
    YawSpeedSavedPID                         0x200000ec   Data           8  iotask.o(.data)
    app_param_calied_flag                    0x200000f4   Data           1  iotask.o(.data)
    GMPPositionPID                           0x20000130   Data          80  controltask.o(.data)
    GMPSpeedPID                              0x20000180   Data          80  controltask.o(.data)
    GMYPositionPID                           0x200001d0   Data          80  controltask.o(.data)
    GMYSpeedPID                              0x20000220   Data          80  controltask.o(.data)
    CMRotatePID                              0x20000270   Data          80  controltask.o(.data)
    CM1SpeedPID                              0x200002c0   Data          80  controltask.o(.data)
    CM2SpeedPID                              0x20000310   Data          80  controltask.o(.data)
    CM3SpeedPID                              0x20000360   Data          80  controltask.o(.data)
    CM4SpeedPID                              0x200003b0   Data          80  controltask.o(.data)
    ShootMotorPositionPID                    0x20000400   Data          80  controltask.o(.data)
    ShootMotorSpeedPID                       0x20000450   Data          80  controltask.o(.data)
    lastWorkState                            0x200004a0   Data           1  controltask.o(.data)
    workState                                0x200004a1   Data           1  controltask.o(.data)
    GMPitchRamp                              0x200004a4   Data          36  controltask.o(.data)
    GMYawRamp                                0x200004c8   Data          36  controltask.o(.data)
    pwm_ccr                                  0x200004ec   Data           2  controltask.o(.data)
    ChassisSpeedRef                          0x20000500   Data           6  remotetask.o(.data)
    friction_wheel_state                     0x20000506   Data           1  remotetask.o(.data)
    frictionRamp                             0x2000050c   Data          36  remotetask.o(.data)
    LRSpeedRamp                              0x20000530   Data          36  remotetask.o(.data)
    FBSpeedRamp                              0x20000554   Data          36  remotetask.o(.data)
    ZGyroModuleAngle                         0x20000584   Data           4  canbustask.o(.data)
    lost_counter                             0x20000588   Data          44  supervisetask.o(.data)
    lost_err                                 0x200005b4   Data           4  supervisetask.o(.data)
    CRC_INIT                                 0x200005ca   Data           2  mf_crc16.o(.data)
    __stdout                                 0x200005cc   Data           4  stdout.o(.data)
    __microlib_freelist                      0x200005d0   Data           4  mvars.o(.data)
    __microlib_freelist_initialised          0x200005d4   Data           4  mvars.o(.data)
    mygetqval                                0x20000808   Data          36  imu.o(.bss)
    angle                                    0x2000083c   Data          12  imu.o(.bss)
    MPU6050_Raw_Data                         0x20000848   Data          20  mpu6050_driver.o(.bss)
    MPU6050_Real_Data                        0x2000085c   Data          40  mpu6050_driver.o(.bss)
    ahrs                                     0x20000884   Data          12  mpu6050_driver.o(.bss)
    mpu_buf                                  0x20000890   Data          20  mpu6050_driver.o(.bss)
    MPU6050_FIFO                             0x200008a4   Data         132  mpu6050_driver.o(.bss)
    HMC5883_FIFO                             0x20000928   Data          66  mpu6050_driver.o(.bss)
    MagMaxMinData                            0x2000096a   Data          12  mpu6050_driver.o(.bss)
    gAppParamStruct                          0x20000976   Data          87  iotask.o(.bss)
    AccSavedCaliData                         0x200009e0   Data          19  iotask.o(.bss)
    MagSavedCaliData                         0x200009f3   Data          19  iotask.o(.bss)
    RC_CtrlData                              0x20000a08   Data          22  remotetask.o(.bss)
    GimbalRef                                0x20000a20   Data          24  remotetask.o(.bss)
    CM1Encoder                               0x20000a50   Data          68  canbustask.o(.bss)
    CM2Encoder                               0x20000a94   Data          68  canbustask.o(.bss)
    CM3Encoder                               0x20000ad8   Data          68  canbustask.o(.bss)
    CM4Encoder                               0x20000b1c   Data          68  canbustask.o(.bss)
    GMYawEncoder                             0x20000b60   Data          68  canbustask.o(.bss)
    GMPitchEncoder                           0x20000ba4   Data          68  canbustask.o(.bss)
    __heap_base                              0x20000cf8   Data           0  startup_stm32f4xx.o(HEAP)
    __heap_limit                             0x20000ef8   Data           0  startup_stm32f4xx.o(HEAP)
    __initial_sp                             0x200018f8   Data           0  startup_stm32f4xx.o(STACK)



==============================================================================

Memory Map of the image

  Image Entry point : 0x08000189

  Load Region LR_IROM1 (Base: 0x08000000, Size: 0x00008c5c, Max: 0x00100000, ABSOLUTE, COMPRESSED[0x00008720])

    Execution Region ER_IROM1 (Base: 0x08000000, Size: 0x00008680, Max: 0x00100000, ABSOLUTE)

    Base Addr    Size         Type   Attr      Idx    E Section Name        Object

    0x08000000   0x00000188   Data   RO          726    RESET               startup_stm32f4xx.o
    0x08000188   0x00000000   Code   RO         4879  * .ARM.Collect$$$$00000000  mc_w.l(entry.o)
    0x08000188   0x00000004   Code   RO         5227    .ARM.Collect$$$$00000001  mc_w.l(entry2.o)
    0x0800018c   0x00000004   Code   RO         5230    .ARM.Collect$$$$00000004  mc_w.l(entry5.o)
    0x08000190   0x00000000   Code   RO         5232    .ARM.Collect$$$$00000008  mc_w.l(entry7b.o)
    0x08000190   0x00000000   Code   RO         5234    .ARM.Collect$$$$0000000A  mc_w.l(entry8b.o)
    0x08000190   0x00000008   Code   RO         5235    .ARM.Collect$$$$0000000B  mc_w.l(entry9a.o)
    0x08000198   0x00000000   Code   RO         5237    .ARM.Collect$$$$0000000D  mc_w.l(entry10a.o)
    0x08000198   0x00000000   Code   RO         5239    .ARM.Collect$$$$0000000F  mc_w.l(entry11a.o)
    0x08000198   0x00000004   Code   RO         5228    .ARM.Collect$$$$00002712  mc_w.l(entry2.o)
    0x0800019c   0x00000024   Code   RO          727    .text               startup_stm32f4xx.o
    0x080001c0   0x000005b0   Code   RO         4450    .text               Protocol.lib(protocal_parser.o)
    0x08000770   0x000005a4   Code   RO         4541    .text               RMLib.lib(fifo.o)
    0x08000d14   0x00000070   Code   RO         4621    .text               RMLib.lib(ramp.o)
    0x08000d84   0x00000020   Code   RO         4754    .text               RMLib.lib(lostcounter.o)
    0x08000da4   0x00000120   Code   RO         4777    .text               RMLib.lib(pid_regulator.o)
    0x08000ec4   0x00000074   Code   RO         4801    .text               Protocol.lib(mf_crc8.o)
    0x08000f38   0x000000a0   Code   RO         4816    .text               Protocol.lib(mf_crc16.o)
    0x08000fd8   0x00000024   Code   RO         4882    .text               mc_w.l(memcpya.o)
    0x08000ffc   0x00000024   Code   RO         4884    .text               mc_w.l(memseta.o)
    0x08001020   0x0000014e   Code   RO         5176    .text               mf_w.l(dadd.o)
    0x0800116e   0x000000e4   Code   RO         5178    .text               mf_w.l(dmul.o)
    0x08001252   0x000000de   Code   RO         5180    .text               mf_w.l(ddiv.o)
    0x08001330   0x00000022   Code   RO         5184    .text               mf_w.l(dflti.o)
    0x08001352   0x00000032   Code   RO         5186    .text               mf_w.l(dfixui.o)
    0x08001384   0x00000026   Code   RO         5188    .text               mf_w.l(f2d.o)
    0x080013aa   0x00000002   PAD
    0x080013ac   0x00000030   Code   RO         5190    .text               mf_w.l(cdrcmple.o)
    0x080013dc   0x00000038   Code   RO         5192    .text               mf_w.l(d2f.o)
    0x08001414   0x0000001e   Code   RO         5246    .text               mc_w.l(llshl.o)
    0x08001432   0x00000020   Code   RO         5248    .text               mc_w.l(llushr.o)
    0x08001452   0x00000024   Code   RO         5250    .text               mc_w.l(llsshr.o)
    0x08001476   0x00000000   Code   RO         5261    .text               mc_w.l(iusefp.o)
    0x08001476   0x0000006e   Code   RO         5262    .text               mf_w.l(fepilogue.o)
    0x080014e4   0x000000ba   Code   RO         5264    .text               mf_w.l(depilogue.o)
    0x0800159e   0x000000a2   Code   RO         5266    .text               mf_w.l(dsqrt.o)
    0x08001640   0x00000024   Code   RO         5272    .text               mc_w.l(init.o)
    0x08001664   0x00000056   Code   RO         5282    .text               mc_w.l(__dczerorl2.o)
    0x080016ba   0x00000002   PAD
    0x080016bc   0x00000120   Code   RO         3926    i.AppParamInit      iotask.o
    0x080017dc   0x0000001c   Code   RO         3927    i.AppParamSave      iotask.o
    0x080017f8   0x000000a0   Code   RO          683    i.BSP_FLASH_GetFlashSector  bsp_flash.o
    0x08001898   0x000000ac   Code   RO          686    i.BSP_FLASH_Write   bsp_flash.o
    0x08001944   0x0000004c   Code   RO          206    i.BSP_Init          bsp.o
    0x08001990   0x00000004   Code   RO          734    i.BusFault_Handler  stm32f4xx_it.o
    0x08001994   0x00000110   Code   RO          288    i.CAN1_Configuration  can1.o
    0x08001aa4   0x0000003c   Code   RO          289    i.CAN1_RX0_IRQHandler  can1.o
    0x08001ae0   0x0000001c   Code   RO          290    i.CAN1_TX_IRQHandler  can1.o
    0x08001afc   0x00000110   Code   RO          330    i.CAN2_Configuration  can2.o
    0x08001c0c   0x00000030   Code   RO          331    i.CAN2_RX0_IRQHandler  can2.o
    0x08001c3c   0x0000001c   Code   RO          332    i.CAN2_TX_IRQHandler  can2.o
    0x08001c58   0x00000038   Code   RO         1127    i.CAN_ClearFlag     stm32f4xx_can.o
    0x08001c90   0x000000a8   Code   RO         1128    i.CAN_ClearITPendingBit  stm32f4xx_can.o
    0x08001d38   0x00000038   Code   RO         1130    i.CAN_DeInit        stm32f4xx_can.o
    0x08001d70   0x00000108   Code   RO         1132    i.CAN_FilterInit    stm32f4xx_can.o
    0x08001e78   0x00000120   Code   RO         1134    i.CAN_GetITStatus   stm32f4xx_can.o
    0x08001f98   0x00000012   Code   RO         1138    i.CAN_ITConfig      stm32f4xx_can.o
    0x08001faa   0x00000114   Code   RO         1139    i.CAN_Init          stm32f4xx_can.o
    0x080020be   0x000000f0   Code   RO         1142    i.CAN_Receive       stm32f4xx_can.o
    0x080021ae   0x00000020   Code   RO         1145    i.CAN_StructInit    stm32f4xx_can.o
    0x080021ce   0x00000126   Code   RO         1147    i.CAN_Transmit      stm32f4xx_can.o
    0x080022f4   0x0000033c   Code   RO         4119    i.CMControlLoop     controltask.o
    0x08002630   0x00000100   Code   RO         3928    i.CalibrateLoop     iotask.o
    0x08002730   0x00000254   Code   RO         4328    i.CanReceiveMsgProcess  canbustask.o
    0x08002984   0x00000012   Code   RO         1150    i.CheckITStatus     stm32f4xx_can.o
    0x08002996   0x00000002   PAD
    0x08002998   0x0000005c   Code   RO         4120    i.Control_Task      controltask.o
    0x080029f4   0x0000014c   Code   RO         4121    i.ControtLoopTaskInit  controltask.o
    0x08002b40   0x00000016   Code   RO         1478    i.DMA_Cmd           stm32f4xx_dma.o
    0x08002b56   0x00000002   PAD
    0x08002b58   0x00000158   Code   RO         1479    i.DMA_DeInit        stm32f4xx_dma.o
    0x08002cb0   0x00000016   Code   RO         1480    i.DMA_DoubleBufferModeCmd  stm32f4xx_dma.o
    0x08002cc6   0x00000018   Code   RO         1481    i.DMA_DoubleBufferModeConfig  stm32f4xx_dma.o
    0x08002cde   0x00000008   Code   RO         1484    i.DMA_GetCurrDataCounter  stm32f4xx_dma.o
    0x08002ce6   0x00000014   Code   RO         1485    i.DMA_GetCurrentMemoryTarget  stm32f4xx_dma.o
    0x08002cfa   0x00000002   PAD
    0x08002cfc   0x00000058   Code   RO         1490    i.DMA_Init          stm32f4xx_dma.o
    0x08002d54   0x00000022   Code   RO         1494    i.DMA_StructInit    stm32f4xx_dma.o
    0x08002d76   0x00000002   Code   RO          735    i.DebugMon_Handler  stm32f4xx_it.o
    0x08002d78   0x0000001c   Code   RO          369    i.Delay_ms          delay.o
    0x08002d94   0x00000012   Code   RO          411    i.EXTI0_IRQHandler  exti.o
    0x08002da6   0x00000012   Code   RO          412    i.EXTI1_IRQHandler  exti.o
    0x08002db8   0x00000034   Code   RO         3890    i.EXTI4_IRQHandler  mpu6050_interrupt.o
    0x08002dec   0x0000000c   Code   RO         1611    i.EXTI_ClearFlag    stm32f4xx_exti.o
    0x08002df8   0x0000000c   Code   RO         1612    i.EXTI_ClearITPendingBit  stm32f4xx_exti.o
    0x08002e04   0x00000028   Code   RO         1616    i.EXTI_GetITStatus  stm32f4xx_exti.o
    0x08002e2c   0x00000094   Code   RO         1617    i.EXTI_Init         stm32f4xx_exti.o
    0x08002ec0   0x000000d8   Code   RO         4329    i.EncoderProcess    canbustask.o
    0x08002f98   0x00000010   Code   RO          645    i.Encoder_Start     encoder.o
    0x08002fa8   0x00000024   Code   RO         1681    i.FLASH_DataCacheCmd  stm32f4xx_flash.o
    0x08002fcc   0x00000088   Code   RO         1684    i.FLASH_EraseSector  stm32f4xx_flash.o
    0x08003054   0x00000048   Code   RO         1686    i.FLASH_GetStatus   stm32f4xx_flash.o
    0x0800309c   0x00000014   Code   RO         1690    i.FLASH_Lock        stm32f4xx_flash.o
    0x080030b0   0x0000004c   Code   RO         1703    i.FLASH_ProgramByte  stm32f4xx_flash.o
    0x080030fc   0x00000024   Code   RO         1708    i.FLASH_Unlock      stm32f4xx_flash.o
    0x08003120   0x00000022   Code   RO         1709    i.FLASH_WaitForLastOperation  stm32f4xx_flash.o
    0x08003142   0x00000002   PAD
    0x08003144   0x00000120   Code   RO         4122    i.GMPitchControlLoop  controltask.o
    0x08003264   0x000000b8   Code   RO         4123    i.GMYawControlLoop  controltask.o
    0x0800331c   0x00000090   Code   RO         1882    i.GPIO_Init         stm32f4xx_gpio.o
    0x080033ac   0x00000046   Code   RO         1883    i.GPIO_PinAFConfig  stm32f4xx_gpio.o
    0x080033f2   0x00000012   Code   RO         1886    i.GPIO_ReadInputDataBit  stm32f4xx_gpio.o
    0x08003404   0x00000004   Code   RO         1889    i.GPIO_ResetBits    stm32f4xx_gpio.o
    0x08003408   0x00000004   Code   RO         1890    i.GPIO_SetBits      stm32f4xx_gpio.o
    0x0800340c   0x00000012   Code   RO         1891    i.GPIO_StructInit   stm32f4xx_gpio.o
    0x0800341e   0x00000008   Code   RO         1892    i.GPIO_ToggleBits   stm32f4xx_gpio.o
    0x08003426   0x00000002   PAD
    0x08003428   0x0000005c   Code   RO          291    i.GYRO_RST          can1.o
    0x08003484   0x0000000c   Code   RO         3930    i.GetCaliCmdFlagGrp  iotask.o
    0x08003490   0x0000001a   Code   RO         4330    i.GetEncoderBias    canbustask.o
    0x080034aa   0x00000002   PAD
    0x080034ac   0x0000000c   Code   RO         4213    i.GetFrictionState  remotetask.o
    0x080034b8   0x0000000c   Code   RO         4214    i.GetInputMode      remotetask.o
    0x080034c4   0x00000018   Code   RO         4383    i.GetLostCounter    supervisetask.o
    0x080034dc   0x000000f8   Code   RO         3618    i.GetPitchYawGxGyGz  imu.o
    0x080035d4   0x0000002c   Code   RO          646    i.GetQuadEncoderDiff  encoder.o
    0x08003600   0x0000007c   Code   RO         4215    i.GetRemoteSwitchAction  remotetask.o
    0x0800367c   0x0000000c   Code   RO         4216    i.GetShootState     remotetask.o
    0x08003688   0x0000000c   Code   RO         4124    i.GetWorkState      controltask.o
    0x08003694   0x00000010   Code   RO         4384    i.Get_Lost_Error    supervisetask.o
    0x080036a4   0x00000008   Code   RO          471    i.Get_Time_Micros   timer.o
    0x080036ac   0x000000ac   Code   RO         4217    i.GimbalAngleLimit  remotetask.o
    0x08003758   0x000000a4   Code   RO         3934    i.GimbalCaliProcess  iotask.o
    0x080037fc   0x0000014c   Code   RO         4125    i.GimbalYawControlModeSwitch  controltask.o
    0x08003948   0x000000e8   Code   RO         3935    i.GyroCaliProcess   iotask.o
    0x08003a30   0x00000038   Code   RO         3686    i.HEAT_Configuration  mpu6050_i2c.o
    0x08003a68   0x0000008c   Code   RO         3782    i.HMC5883_Init      mpu6050_driver.o
    0x08003af4   0x00000012   Code   RO         3783    i.HMC58X3_ReadData  mpu6050_driver.o
    0x08003b06   0x00000002   PAD
    0x08003b08   0x0000006c   Code   RO         3784    i.HMC58X3_getRaw    mpu6050_driver.o
    0x08003b74   0x0000001c   Code   RO         3785    i.HMC58X3_getlastValues  mpu6050_driver.o
    0x08003b90   0x000000a4   Code   RO         3786    i.HMC58X3_mgetValues  mpu6050_driver.o
    0x08003c34   0x00000158   Code   RO         3787    i.HMC58X3_newValues  mpu6050_driver.o
    0x08003d8c   0x00000004   Code   RO          736    i.HardFault_Handler  stm32f4xx_it.o
    0x08003d90   0x00000048   Code   RO         3687    i.IIC_Ack           mpu6050_i2c.o
    0x08003dd8   0x0000001a   Code   RO         3688    i.IIC_Delay         mpu6050_i2c.o
    0x08003df2   0x00000002   PAD
    0x08003df4   0x00000030   Code   RO         3689    i.IIC_GPIO_Init     mpu6050_i2c.o
    0x08003e24   0x0000005c   Code   RO         3690    i.IIC_ReadBit       mpu6050_i2c.o
    0x08003e80   0x000000b8   Code   RO         3691    i.IIC_ReadData      mpu6050_i2c.o
    0x08003f38   0x0000002c   Code   RO         3692    i.IIC_SDA_In        mpu6050_i2c.o
    0x08003f64   0x00000028   Code   RO         3693    i.IIC_SDA_Out       mpu6050_i2c.o
    0x08003f8c   0x00000040   Code   RO         3694    i.IIC_Start         mpu6050_i2c.o
    0x08003fcc   0x00000040   Code   RO         3695    i.IIC_Stop          mpu6050_i2c.o
    0x0800400c   0x00000070   Code   RO         3696    i.IIC_WaitAck       mpu6050_i2c.o
    0x0800407c   0x00000064   Code   RO         3697    i.IIC_WriteBit      mpu6050_i2c.o
    0x080040e0   0x00000080   Code   RO         3698    i.IIC_WriteData     mpu6050_i2c.o
    0x08004160   0x000007c4   Code   RO         3619    i.IMU_AHRSupdate    imu.o
    0x08004924   0x0000004c   Code   RO         3620    i.IMU_getQ          imu.o
    0x08004970   0x000000cc   Code   RO         3621    i.IMU_getValues     imu.o
    0x08004a3c   0x0000023c   Code   RO         3622    i.IMU_getYawPitchRoll  imu.o
    0x08004c78   0x00000304   Code   RO         3623    i.Init_Quaternion   imu.o
    0x08004f7c   0x00000018   Code   RO         3937    i.IsCaliCmdFlagSet  iotask.o
    0x08004f94   0x00000100   Code   RO         4218    i.IsRemoteBeingAction  remotetask.o
    0x08005094   0x0000000c   Code   RO         3941    i.Is_AppParam_Calied  iotask.o
    0x080050a0   0x00000016   Code   RO         4385    i.Is_Lost_Error_Set  supervisetask.o
    0x080050b6   0x0000002e   Code   RO         4386    i.Is_Serious_Error  supervisetask.o
    0x080050e4   0x00000040   Code   RO          237    i.Led_Configuration  led.o
    0x08005124   0x000001f4   Code   RO         3788    i.MPU6050_DataSave  mpu6050_driver.o
    0x08005318   0x00000098   Code   RO         3789    i.MPU6050_EnableInt  mpu6050_driver.o
    0x080053b0   0x0000016c   Code   RO         3790    i.MPU6050_Init      mpu6050_driver.o
    0x0800551c   0x00000014   Code   RO         3791    i.MPU6050_Initialize  mpu6050_driver.o
    0x08005530   0x00000080   Code   RO         3891    i.MPU6050_IntConfiguration  mpu6050_interrupt.o
    0x080055b0   0x00000038   Code   RO         3792    i.MPU6050_ReadData  mpu6050_driver.o
    0x080055e8   0x0000018c   Code   RO         3793    i.MPU6050_getMotion6  mpu6050_driver.o
    0x08005774   0x00000054   Code   RO         3794    i.MPU6050_getlastMotion6  mpu6050_driver.o
    0x080057c8   0x00000094   Code   RO         3942    i.MagEndCaliProcess  iotask.o
    0x0800585c   0x00000020   Code   RO         3943    i.MagStartCaliProcess  iotask.o
    0x0800587c   0x00000004   Code   RO          737    i.MemManage_Handler  stm32f4xx_it.o
    0x08005880   0x000001dc   Code   RO         4219    i.MouseKeyControlProcess  remotetask.o
    0x08005a5c   0x00000138   Code   RO         4220    i.MouseShootControl  remotetask.o
    0x08005b94   0x00000002   Code   RO          738    i.NMI_Handler       stm32f4xx_it.o
    0x08005b96   0x00000002   PAD
    0x08005b98   0x00000078   Code   RO          803    i.NVIC_Init         misc.o
    0x08005c10   0x00000014   Code   RO          804    i.NVIC_PriorityGroupConfig  misc.o
    0x08005c24   0x0000001c   Code   RO         3944    i.PIDCaliProcess    iotask.o
    0x08005c40   0x00000128   Code   RO          261    i.PWM_Configuration  gun.o
    0x08005d68   0x00000002   Code   RO          739    i.PendSV_Handler    stm32f4xx_it.o
    0x08005d6a   0x00000002   PAD
    0x08005d6c   0x00000064   Code   RO          647    i.Quad_Encoder_Configuration  encoder.o
    0x08005dd0   0x00000020   Code   RO         2079    i.RCC_AHB1PeriphClockCmd  stm32f4xx_rcc.o
    0x08005df0   0x00000020   Code   RO         2088    i.RCC_APB1PeriphClockCmd  stm32f4xx_rcc.o
    0x08005e10   0x00000020   Code   RO         2090    i.RCC_APB1PeriphResetCmd  stm32f4xx_rcc.o
    0x08005e30   0x00000020   Code   RO         2091    i.RCC_APB2PeriphClockCmd  stm32f4xx_rcc.o
    0x08005e50   0x00000020   Code   RO         2093    i.RCC_APB2PeriphResetCmd  stm32f4xx_rcc.o
    0x08005e70   0x000000e8   Code   RO         2100    i.RCC_GetClocksFreq  stm32f4xx_rcc.o
    0x08005f58   0x000000f8   Code   RO         4221    i.RemoteControlProcess  remotetask.o
    0x08006050   0x000000d8   Code   RO         4222    i.RemoteDataPrcess  remotetask.o
    0x08006128   0x00000120   Code   RO         4223    i.RemoteShootControl  remotetask.o
    0x08006248   0x0000002c   Code   RO         4224    i.RemoteTaskInit    remotetask.o
    0x08006274   0x00000010   Code   RO         3945    i.ResetCaliCmdFlag  iotask.o
    0x08006284   0x00000002   Code   RO          740    i.SVC_Handler       stm32f4xx_it.o
    0x08006286   0x00000002   PAD
    0x08006288   0x00000040   Code   RO         2540    i.SYSCFG_EXTILineConfig  stm32f4xx_syscfg.o
    0x080062c8   0x00000098   Code   RO         3946    i.Sensor_Offset_Param_Init  iotask.o
    0x08006360   0x00000010   Code   RO         3948    i.SetCaliCmdFlag    iotask.o
    0x08006370   0x0000001c   Code   RO         3949    i.SetGimbalCaliData  iotask.o
    0x0800638c   0x0000005c   Code   RO         4126    i.SetGimbalMotorOutput  controltask.o
    0x080063e8   0x00000020   Code   RO         3950    i.SetGyroCaliData   iotask.o
    0x08006408   0x00000028   Code   RO         4226    i.SetInputMode      remotetask.o
    0x08006430   0x0000001c   Code   RO         3951    i.SetMagCaliData    iotask.o
    0x0800644c   0x0000011c   Code   RO         3952    i.SetPIDCaliData    iotask.o
    0x08006568   0x0000000c   Code   RO         4227    i.SetShootState     remotetask.o
    0x08006574   0x000000ec   Code   RO         3358    i.SetSysClock       system_stm32f4xx.o
    0x08006660   0x0000000c   Code   RO         4127    i.SetWorkState      controltask.o
    0x0800666c   0x0000005c   Code   RO         4331    i.Set_CM_Speed      canbustask.o
    0x080066c8   0x00000052   Code   RO         4332    i.Set_Gimbal_Current  canbustask.o
    0x0800671a   0x00000002   PAD
    0x0800671c   0x00000058   Code   RO         4128    i.ShooterMControlLoop  controltask.o
    0x08006774   0x00000068   Code   RO         3360    i.SystemInit        system_stm32f4xx.o
    0x080067dc   0x0000003c   Code   RO          472    i.TIM2_Configuration  timer.o
    0x08006818   0x00000034   Code   RO          473    i.TIM2_IRQHandler   timer.o
    0x0800684c   0x0000004c   Code   RO          475    i.TIM6_Configuration  timer.o
    0x08006898   0x00000028   Code   RO          476    i.TIM6_DAC_IRQHandler  timer.o
    0x080068c0   0x00000024   Code   RO          477    i.TIM6_Start        timer.o
    0x080068e4   0x00000018   Code   RO         2598    i.TIM_ARRPreloadConfig  stm32f4xx_tim.o
    0x080068fc   0x00000006   Code   RO         2604    i.TIM_ClearFlag     stm32f4xx_tim.o
    0x08006902   0x00000006   Code   RO         2605    i.TIM_ClearITPendingBit  stm32f4xx_tim.o
    0x08006908   0x00000018   Code   RO         2610    i.TIM_Cmd           stm32f4xx_tim.o
    0x08006920   0x00000042   Code   RO         2619    i.TIM_EncoderInterfaceConfig  stm32f4xx_tim.o
    0x08006962   0x00000022   Code   RO         2631    i.TIM_GetITStatus   stm32f4xx_tim.o
    0x08006984   0x00000012   Code   RO         2635    i.TIM_ITConfig      stm32f4xx_tim.o
    0x08006996   0x00000002   PAD
    0x08006998   0x0000007c   Code   RO         2639    i.TIM_OC1Init       stm32f4xx_tim.o
    0x08006a14   0x00000012   Code   RO         2642    i.TIM_OC1PreloadConfig  stm32f4xx_tim.o
    0x08006a26   0x00000002   PAD
    0x08006a28   0x000000a4   Code   RO         2644    i.TIM_OC2Init       stm32f4xx_tim.o
    0x08006acc   0x0000001a   Code   RO         2647    i.TIM_OC2PreloadConfig  stm32f4xx_tim.o
    0x08006ae6   0x00000002   PAD
    0x08006ae8   0x00000084   Code   RO         2682    i.TIM_TimeBaseInit  stm32f4xx_tim.o
    0x08006b6c   0x00000034   Code   RO          590    i.UART3_PrintBlock  usart3.o
    0x08006ba0   0x00000140   Code   RO          540    i.USART1_Configuration  usart1.o
    0x08006ce0   0x00000018   Code   RO          541    i.USART1_FIFO_Init  usart1.o
    0x08006cf8   0x000000d0   Code   RO          543    i.USART1_IRQHandler  usart1.o
    0x08006dc8   0x000000c4   Code   RO          592    i.USART3_Configuration  usart3.o
    0x08006e8c   0x000000fc   Code   RO          593    i.USART3_IRQHandler  usart3.o
    0x08006f88   0x00000018   Code   RO         3167    i.USART_Cmd         stm32f4xx_usart.o
    0x08006fa0   0x00000012   Code   RO         3168    i.USART_DMACmd      stm32f4xx_usart.o
    0x08006fb2   0x00000002   PAD
    0x08006fb4   0x000000b4   Code   RO         3169    i.USART_DeInit      stm32f4xx_usart.o
    0x08007068   0x0000001a   Code   RO         3170    i.USART_GetFlagStatus  stm32f4xx_usart.o
    0x08007082   0x00000054   Code   RO         3171    i.USART_GetITStatus  stm32f4xx_usart.o
    0x080070d6   0x0000004a   Code   RO         3173    i.USART_ITConfig    stm32f4xx_usart.o
    0x08007120   0x000000d4   Code   RO         3174    i.USART_Init        stm32f4xx_usart.o
    0x080071f4   0x0000000a   Code   RO         3181    i.USART_ReceiveData  stm32f4xx_usart.o
    0x080071fe   0x00000008   Code   RO         3184    i.USART_SendData    stm32f4xx_usart.o
    0x08007206   0x00000018   Code   RO         3190    i.USART_StructInit  stm32f4xx_usart.o
    0x0800721e   0x00000002   PAD
    0x08007220   0x00000250   Code   RO         3953    i.UploadParameter   iotask.o
    0x08007470   0x00000004   Code   RO          741    i.UsageFault_Handler  stm32f4xx_it.o
    0x08007474   0x00000118   Code   RO         4129    i.WorkStateFSM      controltask.o
    0x0800758c   0x00000028   Code   RO         4130    i.WorkStateSwitchProcess  controltask.o
    0x080075b4   0x00000010   Code   RO         4889    i.__0printf$bare    mc_w.l(printfb.o)
    0x080075c4   0x00000030   Code   RO         5222    i.__ARM_fpclassify  m_wm.l(fpclassify.o)
    0x080075f4   0x00000004   PAD
    0x080075f8   0x00000360   Code   RO         4835    i.__hardfp_asin     m_wm.l(asin.o)
    0x08007958   0x000002d8   Code   RO         5194    i.__hardfp_atan     m_wm.l(atan.o)
    0x08007c30   0x000001f0   Code   RO         4849    i.__hardfp_atan2    m_wm.l(atan2.o)
    0x08007e20   0x00000014   Code   RO         4861    i.__hardfp_fabs     m_wm.l(fabs.o)
    0x08007e34   0x0000007a   Code   RO         4867    i.__hardfp_sqrt     m_wm.l(sqrt.o)
    0x08007eae   0x000000f8   Code   RO         5224    i.__kernel_poly     m_wm.l(poly.o)
    0x08007fa6   0x00000014   Code   RO         5209    i.__mathlib_dbl_infnan  m_wm.l(dunder.o)
    0x08007fba   0x00000014   Code   RO         5210    i.__mathlib_dbl_infnan2  m_wm.l(dunder.o)
    0x08007fce   0x00000002   PAD
    0x08007fd0   0x00000020   Code   RO         5211    i.__mathlib_dbl_invalid  m_wm.l(dunder.o)
    0x08007ff0   0x00000020   Code   RO         5214    i.__mathlib_dbl_underflow  m_wm.l(dunder.o)
    0x08008010   0x0000000e   Code   RO         5276    i.__scatterload_copy  mc_w.l(handlers.o)
    0x0800801e   0x00000002   Code   RO         5277    i.__scatterload_null  mc_w.l(handlers.o)
    0x08008020   0x0000000e   Code   RO         5278    i.__scatterload_zeroinit  mc_w.l(handlers.o)
    0x0800802e   0x00000002   PAD
    0x08008030   0x0000000c   Code   RO         5256    i.__set_errno       mc_w.l(errno.o)
    0x0800803c   0x00000022   Code   RO         4896    i._printf_core      mc_w.l(printfb.o)
    0x0800805e   0x00000010   Code   RO         5196    i.atan              m_wm.l(atan.o)
    0x0800806e   0x0000001c   Code   RO          371    i.delay_ms          delay.o
    0x0800808a   0x00000018   Code   RO         4863    i.fabs              m_wm.l(fabs.o)
    0x080080a2   0x00000002   PAD
    0x080080a4   0x00000024   Code   RO          594    i.fputc             usart3.o
    0x080080c8   0x00000050   Code   RO         5148    i.free              mc_w.l(malloc.o)
    0x08008118   0x0000003c   Code   RO         3624    i.invSqrt           imu.o
    0x08008154   0x00000040   Code   RO            4    i.main              main.o
    0x08008194   0x0000006c   Code   RO         5149    i.malloc            mc_w.l(malloc.o)
    0x08008200   0x0000006e   Code   RO         4869    i.sqrt              m_wm.l(sqrt.o)
    0x0800826e   0x00000101   Data   RO         4802    .constdata          Protocol.lib(mf_crc8.o)
    0x0800836f   0x00000001   PAD
    0x08008370   0x00000200   Data   RO         4817    .constdata          Protocol.lib(mf_crc16.o)
    0x08008570   0x00000050   Data   RO         4838    .constdata          m_wm.l(asin.o)
    0x080085c0   0x00000098   Data   RO         5197    .constdata          m_wm.l(atan.o)
    0x08008658   0x00000008   Data   RO         5226    .constdata          m_wm.l(qnan.o)
    0x08008660   0x00000020   Data   RO         5274    Region$$Table       anon$$obj.o


    Execution Region RW_IRAM1 (Base: 0x20000000, Size: 0x000018f8, Max: 0x00020000, ABSOLUTE, COMPRESSED[0x000000a0])

    Base Addr    Size         Type   Attr      Idx    E Section Name        Object

    0x20000000   0x0000000c   Data   RW            5    .data               main.o
    0x2000000c   0x00000004   Data   RW          545    .data               usart1.o
    0x20000010   0x00000004   Data   RW          596    .data               usart3.o
    0x20000014   0x00000001   Data   RW          648    .data               encoder.o
    0x20000015   0x00000010   Data   RW         2123    .data               stm32f4xx_rcc.o
    0x20000025   0x00000003   PAD
    0x20000028   0x00000070   Data   RW         3626    .data               imu.o
    0x20000098   0x00000018   Data   RW         3796    .data               mpu6050_driver.o
    0x200000b0   0x00000001   Data   RW         3892    .data               mpu6050_interrupt.o
    0x200000b1   0x00000003   PAD
    0x200000b4   0x0000007a   Data   RW         3955    .data               iotask.o
    0x2000012e   0x00000002   PAD
    0x20000130   0x000003d0   Data   RW         4131    .data               controltask.o
    0x20000500   0x00000080   Data   RW         4229    .data               remotetask.o
    0x20000580   0x00000008   Data   RW         4334    .data               canbustask.o
    0x20000588   0x0000003c   Data   RW         4392    .data               supervisetask.o
    0x200005c4   0x00000005   Data   RW         4452    .data               Protocol.lib(protocal_parser.o)
    0x200005c9   0x00000001   PAD
    0x200005ca   0x00000002   Data   RW         4818    .data               Protocol.lib(mf_crc16.o)
    0x200005cc   0x00000004   Data   RW         5241    .data               mc_w.l(stdout.o)
    0x200005d0   0x00000004   Data   RW         5252    .data               mc_w.l(mvars.o)
    0x200005d4   0x00000004   Data   RW         5253    .data               mc_w.l(mvars.o)
    0x200005d8   0x00000004   Data   RW         5257    .data               mc_w.l(errno.o)
    0x200005dc   0x0000012c   Zero   RW          544    .bss                usart1.o
    0x20000708   0x00000100   Zero   RW          595    .bss                usart3.o
    0x20000808   0x00000040   Zero   RW         3625    .bss                imu.o
    0x20000848   0x0000012e   Zero   RW         3795    .bss                mpu6050_driver.o
    0x20000976   0x00000090   Zero   RW         3954    .bss                iotask.o
    0x20000a06   0x00000002   PAD
    0x20000a08   0x00000047   Zero   RW         4228    .bss                remotetask.o
    0x20000a4f   0x00000001   PAD
    0x20000a50   0x00000198   Zero   RW         4333    .bss                canbustask.o
    0x20000be8   0x0000010a   Zero   RW         4451    .bss                Protocol.lib(protocal_parser.o)
    0x20000cf2   0x00000006   PAD
    0x20000cf8   0x00000200   Zero   RW          725    HEAP                startup_stm32f4xx.o
    0x20000ef8   0x00000a00   Zero   RW          724    STACK               startup_stm32f4xx.o


==============================================================================

Image component sizes


      Code (inc. data)   RO Data    RW Data    ZI Data      Debug   Object Name

        76          6          0          0          0        595   bsp.o
       332         48          0          0          0       2365   bsp_flash.o
       452         32          0          0          0       2687   can1.o
       348         20          0          0          0       2032   can2.o
      1012         56          0          8        408       5100   canbustask.o
      2580        326          0        976          0      11300   controltask.o
        56          0          0          0          0       1354   delay.o
       160         24          0          1          0       2122   encoder.o
        36          0          0          0          0       1134   exti.o
       296         14          0          0          0        800   gun.o
      3920        348          0        112         64       7433   imu.o
      2372        296          0        122        144      16566   iotask.o
        64          6          0          0          0        604   led.o
        64          8          0         12          0     298543   main.o
       140         24          0          0          0     211079   misc.o
      2374        328          0         24        302      15754   mpu6050_driver.o
      1030        140          0          0          0       9555   mpu6050_i2c.o
       180         10          0          1          0       1717   mpu6050_interrupt.o
      2224        188          0        128         71      13321   remotetask.o
        36          8        392          0       3072        904   startup_stm32f4xx.o
      1710         26          0          0          0      17552   stm32f4xx_can.o
       562         26          0          0          0      19480   stm32f4xx_dma.o
       212         24          0          0          0       5509   stm32f4xx_exti.o
       410         42          0          0          0      10560   stm32f4xx_flash.o
       266          0          0          0          0      11707   stm32f4xx_gpio.o
        24          0          0          0          0       4404   stm32f4xx_it.o
       392         48          0         16          0      19181   stm32f4xx_rcc.o
        64          4          0          0          0        740   stm32f4xx_syscfg.o
       642         48          0          0          0      29264   stm32f4xx_tim.o
       660         32          0          0          0      14238   stm32f4xx_usart.o
       108         12          0         60          0       6586   supervisetask.o
       340         32          0          0          0       1821   system_stm32f4xx.o
       272         22          0          0          0       3541   timer.o
       552         44          0          4        300       3747   usart1.o
       536         38          0          4        256       4698   usart3.o

    ----------------------------------------------------------------------
     24536       2280        424       1476       4620     757993   Object Totals
         0          0         32          0          0          0   (incl. Generated)
        34          0          0          8          3          0   (incl. Padding)

    ----------------------------------------------------------------------

      Code (inc. data)   RO Data    RW Data    ZI Data      Debug   Library Member Name

       160         10        512          2          0       2386   mf_crc16.o
       116          4        257          0          0       1882   mf_crc8.o
      1456         28          0          5        266      13116   protocal_parser.o
      1444          0          0          0          0       8256   fifo.o
        32          0          0          0          0       1640   lostcounter.o
       288          4          0          0          0       1785   pid_regulator.o
       112          6          0          0          0       2612   ramp.o
       864         94         80          0          0        280   asin.o
       744        106        152          0          0        352   atan.o
       496         64          0          0          0        192   atan2.o
       104         16          0          0          0        496   dunder.o
        44          0          0          0          0        248   fabs.o
        48          0          0          0          0        124   fpclassify.o
       248          0          0          0          0        152   poly.o
         0          0          8          0          0          0   qnan.o
       232          0          0          0          0        296   sqrt.o
        86          0          0          0          0          0   __dczerorl2.o
         0          0          0          0          0          0   entry.o
         0          0          0          0          0          0   entry10a.o
         0          0          0          0          0          0   entry11a.o
         8          4          0          0          0          0   entry2.o
         4          0          0          0          0          0   entry5.o
         0          0          0          0          0          0   entry7b.o
         0          0          0          0          0          0   entry8b.o
         8          4          0          0          0          0   entry9a.o
        12          6          0          4          0         68   errno.o
        30          0          0          0          0          0   handlers.o
        36          8          0          0          0         68   init.o
         0          0          0          0          0          0   iusefp.o
        30          0          0          0          0         68   llshl.o
        36          0          0          0          0         68   llsshr.o
        32          0          0          0          0         68   llushr.o
       188         20          0          0          0        160   malloc.o
        36          0          0          0          0         68   memcpya.o
        36          0          0          0          0        108   memseta.o
         0          0          0          8          0          0   mvars.o
        50          8          0          0          0        152   printfb.o
         0          0          0          4          0          0   stdout.o
        48          0          0          0          0         68   cdrcmple.o
        56          0          0          0          0         88   d2f.o
       334          0          0          0          0        148   dadd.o
       222          0          0          0          0        100   ddiv.o
       186          0          0          0          0        176   depilogue.o
        50          0          0          0          0         76   dfixui.o
        34          0          0          0          0         76   dflti.o
       228          0          0          0          0         96   dmul.o
       162          0          0          0          0        100   dsqrt.o
        38          0          0          0          0         68   f2d.o
       110          0          0          0          0        168   fepilogue.o

    ----------------------------------------------------------------------
      8462        382       1010         24        272      35809   Library Totals
        14          0          1          1          6          0   (incl. Padding)

    ----------------------------------------------------------------------

      Code (inc. data)   RO Data    RW Data    ZI Data      Debug   Library Name

      1732         42        769          7        266      17384   Protocol.lib
      1876         10          0          0          0      14293   RMLib.lib
      2780        280        240          0          0       2140   m_wm.l
       592         50          0         16          0        828   mc_w.l
      1468          0          0          0          0       1164   mf_w.l

    ----------------------------------------------------------------------
      8462        382       1010         24        272      35809   Library Totals

    ----------------------------------------------------------------------

==============================================================================


      Code (inc. data)   RO Data    RW Data    ZI Data      Debug   

     32998       2662       1434       1500       4892     771398   Grand Totals
     32998       2662       1434        160       4892     771398   ELF Image Totals (compressed)
     32998       2662       1434        160          0          0   ROM Totals

==============================================================================

    Total RO  Size (Code + RO Data)                34432 (  33.63kB)
    Total RW  Size (RW Data + ZI Data)              6392 (   6.24kB)
    Total ROM Size (Code + RO Data + RW Data)      34592 (  33.78kB)

==============================================================================

